Archive member included because of file (symbol)

c:/freescale/kds_v3/toolchain/bin/../lib/gcc/arm-none-eabi/4.8.4/../../../../arm-none-eabi/lib/armv6-m\libg_s.a(lib_a-errno.o)
                              ./utilities/fsl_sbrk.o (symbol from plugin) (__errno)
c:/freescale/kds_v3/toolchain/bin/../lib/gcc/arm-none-eabi/4.8.4/../../../../arm-none-eabi/lib/armv6-m\libg_s.a(lib_a-exit.o)
                              c:/freescale/kds_v3/toolchain/bin/../lib/gcc/arm-none-eabi/4.8.4/../../../../arm-none-eabi/lib/armv6-m/crt0.o (exit)
c:/freescale/kds_v3/toolchain/bin/../lib/gcc/arm-none-eabi/4.8.4/../../../../arm-none-eabi/lib/armv6-m\libg_s.a(lib_a-impure.o)
                              c:/freescale/kds_v3/toolchain/bin/../lib/gcc/arm-none-eabi/4.8.4/../../../../arm-none-eabi/lib/armv6-m\libg_s.a(lib_a-exit.o) (_global_impure_ptr)
c:/freescale/kds_v3/toolchain/bin/../lib/gcc/arm-none-eabi/4.8.4/../../../../arm-none-eabi/lib/armv6-m\libg_s.a(lib_a-init.o)
                              c:/freescale/kds_v3/toolchain/bin/../lib/gcc/arm-none-eabi/4.8.4/../../../../arm-none-eabi/lib/armv6-m/crt0.o (__libc_init_array)
c:/freescale/kds_v3/toolchain/bin/../lib/gcc/arm-none-eabi/4.8.4/../../../../arm-none-eabi/lib/armv6-m\libg_s.a(lib_a-memset.o)
                              c:/freescale/kds_v3/toolchain/bin/../lib/gcc/arm-none-eabi/4.8.4/../../../../arm-none-eabi/lib/armv6-m/crt0.o (memset)
c:/freescale/kds_v3/toolchain/bin/../lib/gcc/arm-none-eabi/4.8.4/../../../../arm-none-eabi/lib/armv6-m\libnosys.a(_exit.o)
                              c:/freescale/kds_v3/toolchain/bin/../lib/gcc/arm-none-eabi/4.8.4/../../../../arm-none-eabi/lib/armv6-m\libg_s.a(lib_a-exit.o) (_exit)
c:/freescale/kds_v3/toolchain/bin/../lib/gcc/arm-none-eabi/4.8.4/armv6-m\libgcc.a(_udivsi3.o)
                              C:\Users\DANIEL~1\AppData\Local\Temp\cclQ1qbj.ltrans2.ltrans.o (__aeabi_uidiv)
c:/freescale/kds_v3/toolchain/bin/../lib/gcc/arm-none-eabi/4.8.4/armv6-m\libgcc.a(_divsi3.o)
                              C:\Users\DANIEL~1\AppData\Local\Temp\cclQ1qbj.ltrans2.ltrans.o (__aeabi_idiv)
c:/freescale/kds_v3/toolchain/bin/../lib/gcc/arm-none-eabi/4.8.4/armv6-m\libgcc.a(_dvmd_tls.o)
                              c:/freescale/kds_v3/toolchain/bin/../lib/gcc/arm-none-eabi/4.8.4/armv6-m\libgcc.a(_udivsi3.o) (__aeabi_idiv0)
c:/freescale/kds_v3/toolchain/bin/../lib/gcc/arm-none-eabi/4.8.4/armv6-m\libgcc.a(divdf3.o)
                              C:\Users\DANIEL~1\AppData\Local\Temp\cclQ1qbj.ltrans16.ltrans.o (__aeabi_ddiv)
c:/freescale/kds_v3/toolchain/bin/../lib/gcc/arm-none-eabi/4.8.4/armv6-m\libgcc.a(muldf3.o)
                              C:\Users\DANIEL~1\AppData\Local\Temp\cclQ1qbj.ltrans16.ltrans.o (__aeabi_dmul)
c:/freescale/kds_v3/toolchain/bin/../lib/gcc/arm-none-eabi/4.8.4/armv6-m\libgcc.a(fixdfsi.o)
                              C:\Users\DANIEL~1\AppData\Local\Temp\cclQ1qbj.ltrans16.ltrans.o (__aeabi_d2iz)
c:/freescale/kds_v3/toolchain/bin/../lib/gcc/arm-none-eabi/4.8.4/armv6-m\libgcc.a(floatsidf.o)
                              C:\Users\DANIEL~1\AppData\Local\Temp\cclQ1qbj.ltrans16.ltrans.o (__aeabi_i2d)
c:/freescale/kds_v3/toolchain/bin/../lib/gcc/arm-none-eabi/4.8.4/armv6-m\libgcc.a(floatunsidf.o)
                              C:\Users\DANIEL~1\AppData\Local\Temp\cclQ1qbj.ltrans16.ltrans.o (__aeabi_ui2d)
c:/freescale/kds_v3/toolchain/bin/../lib/gcc/arm-none-eabi/4.8.4/armv6-m\libgcc.a(_clzsi2.o)
                              c:/freescale/kds_v3/toolchain/bin/../lib/gcc/arm-none-eabi/4.8.4/armv6-m\libgcc.a(divdf3.o) (__clzsi2)
c:/freescale/kds_v3/toolchain/bin/../lib/gcc/arm-none-eabi/4.8.4/../../../../arm-none-eabi/lib/armv6-m\libg_s.a(lib_a-memcpy-stub.o)
                              C:\Users\DANIEL~1\AppData\Local\Temp\cclQ1qbj.ltrans0.ltrans.o (memcpy)
c:/freescale/kds_v3/toolchain/bin/../lib/gcc/arm-none-eabi/4.8.4/../../../../arm-none-eabi/lib/armv6-m\libg_s.a(lib_a-memmove.o)
                              C:\Users\DANIEL~1\AppData\Local\Temp\cclQ1qbj.ltrans17.ltrans.o (memmove)
c:/freescale/kds_v3/toolchain/bin/../lib/gcc/arm-none-eabi/4.8.4/../../../../arm-none-eabi/lib/armv6-m\libg_s.a(lib_a-strlen.o)
                              C:\Users\DANIEL~1\AppData\Local\Temp\cclQ1qbj.ltrans17.ltrans.o (strlen)
c:/freescale/kds_v3/toolchain/bin/../lib/gcc/arm-none-eabi/4.8.4/../../../../arm-none-eabi/lib/armv6-m\libm.a(lib_a-s_floor.o)
                              C:\Users\DANIEL~1\AppData\Local\Temp\cclQ1qbj.ltrans16.ltrans.o (floor)
c:/freescale/kds_v3/toolchain/bin/../lib/gcc/arm-none-eabi/4.8.4/armv6-m\libgcc.a(_arm_cmpdf2.o)
                              c:/freescale/kds_v3/toolchain/bin/../lib/gcc/arm-none-eabi/4.8.4/../../../../arm-none-eabi/lib/armv6-m\libm.a(lib_a-s_floor.o) (__aeabi_dcmpgt)
c:/freescale/kds_v3/toolchain/bin/../lib/gcc/arm-none-eabi/4.8.4/armv6-m\libgcc.a(adddf3.o)
[...]
Memory Configuration

Name             Origin             Length             Attributes
m_interrupts     0x00000000         0x00000200         xr
m_flash_config   0x00000400         0x00000010         xr
m_text           0x00000410         0x0000fbf0         xr
m_usb_sram       0x040fe000         0x00000200         rw
m_data           0x1ffff000         0x00004000         rw
*default*        0x00000000         0xffffffff

Linker script and memory map

LOAD c:/freescale/kds_v3/toolchain/bin/../lib/gcc/arm-none-eabi/4.8.4/armv6-m/crti.o
LOAD c:/freescale/kds_v3/toolchain/bin/../lib/gcc/arm-none-eabi/4.8.4/armv6-m/crtbegin.o
LOAD c:/freescale/kds_v3/toolchain/bin/../lib/gcc/arm-none-eabi/4.8.4/../../../../arm-none-eabi/lib/armv6-m/crt0.o
LOAD ./utilities/fsl_debug_console.o
LOAD C:\Users\DANIEL~1\AppData\Local\Temp\cclQ1qbj.ltrans0.ltrans.o
LOAD C:\Users\DANIEL~1\AppData\Local\Temp\cclQ1qbj.ltrans1.ltrans.o
LOAD C:\Users\DANIEL~1\AppData\Local\Temp\cclQ1qbj.ltrans2.ltrans.o
LOAD C:\Users\DANIEL~1\AppData\Local\Temp\cclQ1qbj.ltrans3.ltrans.o
LOAD C:\Users\DANIEL~1\AppData\Local\Temp\cclQ1qbj.ltrans4.ltrans.o
LOAD C:\Users\DANIEL~1\AppData\Local\Temp\cclQ1qbj.ltrans5.ltrans.o
LOAD C:\Users\DANIEL~1\AppData\Local\Temp\cclQ1qbj.ltrans6.ltrans.o
LOAD C:\Users\DANIEL~1\AppData\Local\Temp\cclQ1qbj.ltrans7.ltrans.o
LOAD C:\Users\DANIEL~1\AppData\Local\Temp\cclQ1qbj.ltrans8.ltrans.o
LOAD C:\Users\DANIEL~1\AppData\Local\Temp\cclQ1qbj.ltrans9.ltrans.o
LOAD C:\Users\DANIEL~1\AppData\Local\Temp\cclQ1qbj.ltrans10.ltrans.o
LOAD C:\Users\DANIEL~1\AppData\Local\Temp\cclQ1qbj.ltrans11.ltrans.o
LOAD C:\Users\DANIEL~1\AppData\Local\Temp\cclQ1qbj.ltrans12.ltrans.o
LOAD C:\Users\DANIEL~1\AppData\Local\Temp\cclQ1qbj.ltrans13.ltrans.o
LOAD C:\Users\DANIEL~1\AppData\Local\Temp\cclQ1qbj.ltrans14.ltrans.o
LOAD C:\Users\DANIEL~1\AppData\Local\Temp\cclQ1qbj.ltrans15.ltrans.o
LOAD C:\Users\DANIEL~1\AppData\Local\Temp\cclQ1qbj.ltrans16.ltrans.o
LOAD C:\Users\DANIEL~1\AppData\Local\Temp\cclQ1qbj.ltrans17.ltrans.o
LOAD c:/freescale/kds_v3/toolchain/bin/../lib/gcc/arm-none-eabi/4.8.4/armv6-m\libgcc.a
LOAD c:/freescale/kds_v3/toolchain/bin/../lib/gcc/arm-none-eabi/4.8.4/../../../../arm-none-eabi/lib/armv6-m\libg_s.a
LOAD c:/freescale/kds_v3/toolchain/bin/../lib/gcc/arm-none-eabi/4.8.4/../../../../arm-none-eabi/lib/armv6-m\libc_s.a
LOAD c:/freescale/kds_v3/toolchain/bin/../lib/gcc/arm-none-eabi/4.8.4/armv6-m\libgcc.a
LOAD c:/freescale/kds_v3/toolchain/bin/../lib/gcc/arm-none-eabi/4.8.4/../../../../arm-none-eabi/lib/armv6-m\libc_s.a
LOAD c:/freescale/kds_v3/toolchain/bin/../lib/gcc/arm-none-eabi/4.8.4/../../../../arm-none-eabi/lib/armv6-m\libnosys.a
LOAD c:/freescale/kds_v3/toolchain/bin/../lib/gcc/arm-none-eabi/4.8.4/armv6-m\libgcc.a
LOAD c:/freescale/kds_v3/toolchain/bin/../lib/gcc/arm-none-eabi/4.8.4/../../../../arm-none-eabi/lib/armv6-m\libc_s.a
LOAD c:/freescale/kds_v3/toolchain/bin/../lib/gcc/arm-none-eabi/4.8.4/../../../../arm-none-eabi/lib/armv6-m\libnosys.a
LOAD ./utilities/fsl_notifier.o
LOAD ./utilities/fsl_sbrk.o
LOAD ./utilities/fsl_shell.o
LOAD ./startup/startup_MKL27Z644.o
LOAD ./startup/system_MKL27Z644.o
LOAD ./source/main.o
LOAD ./drivers/fsl_adc16.o
LOAD ./drivers/fsl_clock.o
LOAD ./drivers/fsl_cmp.o
LOAD ./drivers/fsl_common.o
LOAD ./drivers/fsl_cop.o
LOAD ./drivers/fsl_crc.o
LOAD ./drivers/fsl_dma.o
LOAD ./drivers/fsl_dmamux.o
LOAD ./drivers/fsl_flash.o
LOAD ./drivers/fsl_flexio.o
LOAD ./drivers/fsl_flexio_i2c_master.o
LOAD ./drivers/fsl_flexio_i2s.o
LOAD ./drivers/fsl_flexio_i2s_dma.o
LOAD ./drivers/fsl_flexio_spi.o
LOAD ./drivers/fsl_flexio_spi_dma.o
LOAD ./drivers/fsl_flexio_uart.o
LOAD ./drivers/fsl_flexio_uart_dma.o
LOAD ./drivers/fsl_gpio.o
LOAD ./drivers/fsl_i2c.o
LOAD ./drivers/fsl_i2c_dma.o
LOAD ./drivers/fsl_llwu.o
LOAD ./drivers/fsl_lptmr.o
LOAD ./drivers/fsl_lpuart.o
LOAD ./drivers/fsl_lpuart_dma.o
LOAD ./drivers/fsl_mma.o
LOAD ./drivers/fsl_pit.o
LOAD ./drivers/fsl_pmc.o
LOAD ./drivers/fsl_rcm.o
LOAD ./drivers/fsl_rtc.o
LOAD ./drivers/fsl_sim.o
LOAD ./drivers/fsl_smc.o
LOAD ./drivers/fsl_spi.o
LOAD ./drivers/fsl_spi_dma.o
LOAD ./drivers/fsl_tpm.o
LOAD ./drivers/fsl_uart.o
LOAD ./drivers/fsl_uart_dma.o
LOAD ./drivers/fsl_vref.o
LOAD ./board/board.o
LOAD ./board/clock_config.o
LOAD ./board/pin_mux.o
LOAD c:/freescale/kds_v3/toolchain/bin/../lib/gcc/arm-none-eabi/4.8.4/../../../../arm-none-eabi/lib/armv6-m\libstdc++_s.a
LOAD c:/freescale/kds_v3/toolchain/bin/../lib/gcc/arm-none-eabi/4.8.4/../../../../arm-none-eabi/lib/armv6-m\libm.a
START GROUP
LOAD c:/freescale/kds_v3/toolchain/bin/../lib/gcc/arm-none-eabi/4.8.4/armv6-m\libgcc.a
LOAD c:/freescale/kds_v3/toolchain/bin/../lib/gcc/arm-none-eabi/4.8.4/../../../../arm-none-eabi/lib/armv6-m\libg_s.a
LOAD c:/freescale/kds_v3/toolchain/bin/../lib/gcc/arm-none-eabi/4.8.4/../../../../arm-none-eabi/lib/armv6-m\libc_s.a
END GROUP
START GROUP
LOAD c:/freescale/kds_v3/toolchain/bin/../lib/gcc/arm-none-eabi/4.8.4/armv6-m\libgcc.a
LOAD c:/freescale/kds_v3/toolchain/bin/../lib/gcc/arm-none-eabi/4.8.4/../../../../arm-none-eabi/lib/armv6-m\libc_s.a
LOAD c:/freescale/kds_v3/toolchain/bin/../lib/gcc/arm-none-eabi/4.8.4/../../../../arm-none-eabi/lib/armv6-m\libnosys.a
END GROUP
START GROUP
LOAD c:/freescale/kds_v3/toolchain/bin/../lib/gcc/arm-none-eabi/4.8.4/armv6-m\libgcc.a
LOAD c:/freescale/kds_v3/toolchain/bin/../lib/gcc/arm-none-eabi/4.8.4/../../../../arm-none-eabi/lib/armv6-m\libc_s.a
LOAD c:/freescale/kds_v3/toolchain/bin/../lib/gcc/arm-none-eabi/4.8.4/../../../../arm-none-eabi/lib/armv6-m\libnosys.a
END GROUP
LOAD c:/freescale/kds_v3/toolchain/bin/../lib/gcc/arm-none-eabi/4.8.4/armv6-m/crtend.o
LOAD c:/freescale/kds_v3/toolchain/bin/../lib/gcc/arm-none-eabi/4.8.4/armv6-m/crtn.o
                0x00000400                HEAP_SIZE = DEFINED (__heap_size__)?__heap_size__:0x400
                0x00000400                STACK_SIZE = DEFINED (__stack_size__)?__stack_size__:0x400
                0x00000000                M_VECTOR_RAM_SIZE = DEFINED (__ram_vector_table__)?0x200:0x0

.interrupts     0x00000000       0xc0
                0x00000000                __VECTOR_TABLE = .
                0x00000000                . = ALIGN (0x4)
 *(.isr_vector)
 .isr_vector    0x00000000       0xc0 ./startup/startup_MKL27Z644.o
                0x00000000                __isr_vector
                0x000000c0                . = ALIGN (0x4)

.flash_config   0x00000400       0x10
                0x00000400                . = ALIGN (0x4)
 *(.FlashConfig)
 .FlashConfig   0x00000400       0x10 ./startup/startup_MKL27Z644.o
                0x00000410                . = ALIGN (0x4)

.text           0x00000410     0x7668
                0x00000410                . = ALIGN (0x4)
 *(.text)
 .text          0x00000410       0x60 c:/freescale/kds_v3/toolchain/bin/../lib/gcc/arm-none-eabi/4.8.4/armv6-m/crtbegin.o
 .text          0x00000470       0x78 c:/freescale/kds_v3/toolchain/bin/../lib/gcc/arm-none-eabi/4.8.4/../../../../arm-none-eabi/lib/armv6-m/crt0.o
                0x00000470                _start
                0x00000470                _mainCRTStartup
 .text          0x000004e8       0x9c c:/freescale/kds_v3/toolchain/bin/../lib/gcc/arm-none-eabi/4.8.4/armv6-m\libgcc.a(_udivsi3.o)
                0x000004e8                __aeabi_uidiv
                0x000004e8                __udivsi3
                0x00000570                __aeabi_uidivmod
 .text          0x00000584       0xc0 c:/freescale/kds_v3/toolchain/bin/../lib/gcc/arm-none-eabi/4.8.4/armv6-m\libgcc.a(_divsi3.o)
                0x00000584                __divsi3
                0x00000584                __aeabi_idiv
                0x00000630                __aeabi_idivmod
 .text          0x00000644        0x4 c:/freescale/kds_v3/toolchain/bin/../lib/gcc/arm-none-eabi/4.8.4/armv6-m\libgcc.a(_dvmd_tls.o)
                0x00000644                __aeabi_idiv0
                0x00000644                __aeabi_ldiv0
 .text          0x00000648      0x648 c:/freescale/kds_v3/toolchain/bin/../lib/gcc/arm-none-eabi/4.8.4/armv6-m\libgcc.a(divdf3.o)
                0x00000648                __aeabi_ddiv
 .text          0x00000c90      0x520 c:/freescale/kds_v3/toolchain/bin/../lib/gcc/arm-none-eabi/4.8.4/armv6-m\libgcc.a(muldf3.o)
                0x00000c90                __aeabi_dmul
 .text          0x000011b0       0x68 c:/freescale/kds_v3/toolchain/bin/../lib/gcc/arm-none-eabi/4.8.4/armv6-m\libgcc.a(fixdfsi.o)
                0x000011b0                __aeabi_d2iz
 .text          0x00001218       0x7c c:/freescale/kds_v3/toolchain/bin/../lib/gcc/arm-none-eabi/4.8.4/armv6-m\libgcc.a(floatsidf.o)
                0x00001218                __aeabi_i2d
 .text          0x00001294       0x68 c:/freescale/kds_v3/toolchain/bin/../lib/gcc/arm-none-eabi/4.8.4/armv6-m\libgcc.a(floatunsidf.o)
                0x00001294                __aeabi_ui2d
 .text          0x000012fc       0x3c c:/freescale/kds_v3/toolchain/bin/../lib/gcc/arm-none-eabi/4.8.4/armv6-m\libgcc.a(_clzsi2.o)
                0x000012fc                __clzsi2
 .text          0x00001338       0xc8 ./startup/startup_MKL27Z644.o
                0x00001338                Reset_Handler
                0x00001378                Reserved45_IRQHandler
                0x00001378                TPM1_IRQHandler
                0x00001378                PORTA_IRQHandler
                0x00001378                PIT_IRQHandler
                0x00001378                CMP0_IRQHandler
                0x00001378                LPTMR0_IRQHandler
                0x00001378                TPM0_IRQHandler
                0x00001378                LLWU_IRQHandler
                0x00001378                Reserved42_IRQHandler
                0x00001378                ADC0_IRQHandler
                0x00001378                Reserved39_IRQHandler
                0x00001378                FTFA_IRQHandler
                0x00001378                DefaultISR
                0x00001378                TPM2_IRQHandler
                0x00001378                Reserved43_IRQHandler
                0x00001378                RTC_IRQHandler
                0x00001378                PORTB_PORTC_PORTD_PORTE_IRQHandler
                0x00001378                RTC_Seconds_IRQHandler
                0x00001378                Reserved41_IRQHandler
                0x00001378                Reserved20_IRQHandler
                0x00001378                USB0_IRQHandler
                0x00001378                PMC_IRQHandler
                0x0000137c                NMI_Handler
                0x00001380                HardFault_Handler
                0x00001384                SVC_Handler
                0x00001388                PendSV_Handler
                0x0000138c                SysTick_Handler
                0x00001390                DMA0_IRQHandler
                0x00001394                DMA1_IRQHandler
                0x00001398                DMA2_IRQHandler
                0x0000139c                DMA3_IRQHandler
                0x000013a0                I2C0_IRQHandler
                0x000013a4                I2C1_IRQHandler
                0x000013a8                SPI0_IRQHandler
                0x000013ac                SPI1_IRQHandler
                0x000013b0                LPUART0_IRQHandler
                0x000013b4                LPUART1_IRQHandler
                0x000013b8                UART2_FLEXIO_IRQHandler
 .text          0x00001400       0x7c c:/freescale/kds_v3/toolchain/bin/../lib/gcc/arm-none-eabi/4.8.4/armv6-m\libgcc.a(_arm_cmpdf2.o)
                0x00001400                __aeabi_cdrcmple
                0x00001410                __aeabi_cdcmple
                0x00001410                __aeabi_cdcmpeq
                0x00001420                __aeabi_dcmpeq
                0x0000142c                __aeabi_dcmplt
                0x00001440                __aeabi_dcmple
                0x00001454                __aeabi_dcmpgt
                0x00001468                __aeabi_dcmpge
 .text          0x0000147c      0x644 c:/freescale/kds_v3/toolchain/bin/../lib/gcc/arm-none-eabi/4.8.4/armv6-m\libgcc.a(adddf3.o)
                0x0000147c                __aeabi_dadd
 .text          0x00001ac0       0x94 c:/freescale/kds_v3/toolchain/bin/../lib/gcc/arm-none-eabi/4.8.4/armv6-m\libgcc.a(eqdf2.o)
                0x00001ac0                __nedf2
                0x00001ac0                __eqdf2
 .text          0x00001b54       0xfc c:/freescale/kds_v3/toolchain/bin/../lib/gcc/arm-none-eabi/4.8.4/armv6-m\libgcc.a(gedf2.o)
                0x00001b54                __gedf2
                0x00001b54                __gtdf2
 .text          0x00001c50       0xfc c:/freescale/kds_v3/toolchain/bin/../lib/gcc/arm-none-eabi/4.8.4/armv6-m\libgcc.a(ledf2.o)
                0x00001c50                __ledf2
                0x00001c50                __ltdf2
 *(.text*)
 .text.CLOCK_SetLpuart0Clock.11071.4116
                0x00001d4c       0x38 C:\Users\DANIEL~1\AppData\Local\Temp\cclQ1qbj.ltrans0.ltrans.o
 .text.BOARD_InitDebugConsole
                0x00001d84       0x30 C:\Users\DANIEL~1\AppData\Local\Temp\cclQ1qbj.ltrans0.ltrans.o
                0x00001d84                BOARD_InitDebugConsole
 .text.CLOCK_SetSimSafeDivs.11114.4111
                0x00001db4       0x1c C:\Users\DANIEL~1\AppData\Local\Temp\cclQ1qbj.ltrans0.ltrans.o
 .text.BOARD_BootClockRUN
                0x00001dd0       0x58 C:\Users\DANIEL~1\AppData\Local\Temp\cclQ1qbj.ltrans0.ltrans.o
                0x00001dd0                BOARD_BootClockRUN
 .text.CLOCK_EnableClock.11219.4079
                0x00001e28       0x34 C:\Users\DANIEL~1\AppData\Local\Temp\cclQ1qbj.ltrans0.ltrans.o
 .text.PORT_SetPinConfig.11243.4058
                0x00001e5c       0x44 C:\Users\DANIEL~1\AppData\Local\Temp\cclQ1qbj.ltrans0.ltrans.o
 .text.PORT_SetPinMux.11225.4038
                0x00001ea0       0x3c C:\Users\DANIEL~1\AppData\Local\Temp\cclQ1qbj.ltrans0.ltrans.o
 .text.BOARD_InitBth
                0x00001edc       0x30 C:\Users\DANIEL~1\AppData\Local\Temp\cclQ1qbj.ltrans0.ltrans.o
                0x00001edc                BOARD_InitBth
 .text.BOARD_InitPins
                0x00001f0c       0xb4 C:\Users\DANIEL~1\AppData\Local\Temp\cclQ1qbj.ltrans0.ltrans.o
                0x00001f0c                BOARD_InitPins
 .text.BOARD_InitLEDs
                0x00001fc0       0xc0 C:\Users\DANIEL~1\AppData\Local\Temp\cclQ1qbj.ltrans0.ltrans.o
                0x00001fc0                BOARD_InitLEDs
 .text.BOARD_I2C_ConfigurePins
                0x00002080       0x74 C:\Users\DANIEL~1\AppData\Local\Temp\cclQ1qbj.ltrans0.ltrans.o
                0x00002080                BOARD_I2C_ConfigurePins
 .text.CLOCK_EnableClock.10411.4290
                0x000020f4       0x34 C:\Users\DANIEL~1\AppData\Local\Temp\cclQ1qbj.ltrans2.ltrans.o
 .text.TPM_GetInstance.10420.4284
                0x00002128       0x60 C:\Users\DANIEL~1\AppData\Local\Temp\cclQ1qbj.ltrans2.ltrans.o
 .text.TPM_Init
                0x00002188       0xfc C:\Users\DANIEL~1\AppData\Local\Temp\cclQ1qbj.ltrans2.ltrans.o
                0x00002188                TPM_Init
 .text.TPM_GetDefaultConfig
                0x00002284       0x6c C:\Users\DANIEL~1\AppData\Local\Temp\cclQ1qbj.ltrans2.ltrans.o
                0x00002284                TPM_GetDefaultConfig
 .text.TPM_SetupPwm
                0x000022f0      0x210 C:\Users\DANIEL~1\AppData\Local\Temp\cclQ1qbj.ltrans2.ltrans.o
                0x000022f0                TPM_SetupPwm
 .text.TPM_UpdatePwmDutycycle
                0x00002500       0xd4 C:\Users\DANIEL~1\AppData\Local\Temp\cclQ1qbj.ltrans2.ltrans.o
                0x00002500                TPM_UpdatePwmDutycycle
 .text.CLOCK_EnableClock.10559.4178
                0x000025d4       0x34 C:\Users\DANIEL~1\AppData\Local\Temp\cclQ1qbj.ltrans2.ltrans.o
 .text.UART_GetInstance
                0x00002608       0x60 C:\Users\DANIEL~1\AppData\Local\Temp\cclQ1qbj.ltrans2.ltrans.o
                0x00002608                UART_GetInstance
 .text.UART_Init
                0x00002668      0x214 C:\Users\DANIEL~1\AppData\Local\Temp\cclQ1qbj.ltrans2.ltrans.o
                0x00002668                UART_Init
 .text.UART_GetDefaultConfig
                0x0000287c       0x4c C:\Users\DANIEL~1\AppData\Local\Temp\cclQ1qbj.ltrans2.ltrans.o
                0x0000287c                UART_GetDefaultConfig
 .text.UART_GetStatusFlags.4118
                0x000028c8       0x28 C:\Users\DANIEL~1\AppData\Local\Temp\cclQ1qbj.ltrans2.ltrans.o
 .text.UART_WriteBlocking
                0x000028f0       0x38 C:\Users\DANIEL~1\AppData\Local\Temp\cclQ1qbj.ltrans2.ltrans.o
                0x000028f0                UART_WriteBlocking
 .text.UART_ReadBlocking
                0x00002928       0xa8 C:\Users\DANIEL~1\AppData\Local\Temp\cclQ1qbj.ltrans2.ltrans.o
                0x00002928                UART_ReadBlocking
 .text.SPI_CommonIRQHandler.10201.4093
                0x000029d0       0x54 C:\Users\DANIEL~1\AppData\Local\Temp\cclQ1qbj.ltrans3.ltrans.o
 .text.SPI0_DriverIRQHandler
                0x00002a24       0x3c C:\Users\DANIEL~1\AppData\Local\Temp\cclQ1qbj.ltrans3.ltrans.o
                0x00002a24                SPI0_DriverIRQHandler
 .text.SPI1_DriverIRQHandler
                0x00002a60       0x3c C:\Users\DANIEL~1\AppData\Local\Temp\cclQ1qbj.ltrans3.ltrans.o
                0x00002a60                SPI1_DriverIRQHandler
 .text.MMA_ReadReg
                0x00002a9c       0x5c C:\Users\DANIEL~1\AppData\Local\Temp\cclQ1qbj.ltrans4.ltrans.o
                0x00002a9c                MMA_ReadReg
 .text.MMA_WriteReg
                0x00002af8       0x64 C:\Users\DANIEL~1\AppData\Local\Temp\cclQ1qbj.ltrans4.ltrans.o
                0x00002af8                MMA_WriteReg
 .text.LPUART_ReadBlocking
                0x00002b5c       0xe4 C:\Users\DANIEL~1\AppData\Local\Temp\cclQ1qbj.ltrans5.ltrans.o
                0x00002b5c                LPUART_ReadBlocking
 .text.LPUART0_DriverIRQHandler
                0x00002c40       0x24 C:\Users\DANIEL~1\AppData\Local\Temp\cclQ1qbj.ltrans5.ltrans.o
                0x00002c40                LPUART0_DriverIRQHandler
 .text.LPUART1_DriverIRQHandler
                0x00002c64       0x24 C:\Users\DANIEL~1\AppData\Local\Temp\cclQ1qbj.ltrans5.ltrans.o
                0x00002c64                LPUART1_DriverIRQHandler
 .text.MMA_Init
                0x00002c88      0x1a0 C:\Users\DANIEL~1\AppData\Local\Temp\cclQ1qbj.ltrans5.ltrans.o
                0x00002c88                MMA_Init
 .text.MMA_ReadSensorData
                0x00002e28      0x124 C:\Users\DANIEL~1\AppData\Local\Temp\cclQ1qbj.ltrans5.ltrans.o
                0x00002e28                MMA_ReadSensorData
 .text.CLOCK_EnableClock.9124.4141
                0x00002f4c       0x34 C:\Users\DANIEL~1\AppData\Local\Temp\cclQ1qbj.ltrans6.ltrans.o
 .text.LPUART_GetInstance
                0x00002f80       0x58 C:\Users\DANIEL~1\AppData\Local\Temp\cclQ1qbj.ltrans6.ltrans.o
                0x00002f80                LPUART_GetInstance
 .text.LPUART_Init
                0x00002fd8      0x29c C:\Users\DANIEL~1\AppData\Local\Temp\cclQ1qbj.ltrans6.ltrans.o
                0x00002fd8                LPUART_Init
 .text.LPUART_GetDefaultConfig
                0x00003274       0x5c C:\Users\DANIEL~1\AppData\Local\Temp\cclQ1qbj.ltrans6.ltrans.o
                0x00003274                LPUART_GetDefaultConfig
 .text.LPUART_GetStatusFlags
                0x000032d0       0x18 C:\Users\DANIEL~1\AppData\Local\Temp\cclQ1qbj.ltrans6.ltrans.o
                0x000032d0                LPUART_GetStatusFlags
 .text.LPUART_ClearStatusFlags
                0x000032e8       0x88 C:\Users\DANIEL~1\AppData\Local\Temp\cclQ1qbj.ltrans6.ltrans.o
                0x000032e8                LPUART_ClearStatusFlags
 .text.LPUART_WriteBlocking
                0x00003370       0x58 C:\Users\DANIEL~1\AppData\Local\Temp\cclQ1qbj.ltrans6.ltrans.o
                0x00003370                LPUART_WriteBlocking
 .text.I2C_MasterInit
                0x000033c8      0x134 C:\Users\DANIEL~1\AppData\Local\Temp\cclQ1qbj.ltrans7.ltrans.o
                0x000033c8                I2C_MasterInit
 .text.I2C_MasterGetDefaultConfig
                0x000034fc       0x54 C:\Users\DANIEL~1\AppData\Local\Temp\cclQ1qbj.ltrans7.ltrans.o
                0x000034fc                I2C_MasterGetDefaultConfig
 .text.I2C_DisableInterrupts.4216
                0x00003550       0x40 C:\Users\DANIEL~1\AppData\Local\Temp\cclQ1qbj.ltrans7.ltrans.o
 .text.I2C_MasterSetBaudRate.4211
                0x00003590       0xf0 C:\Users\DANIEL~1\AppData\Local\Temp\cclQ1qbj.ltrans7.ltrans.o
 .text.I2C_MasterStart
                0x00003680       0x78 C:\Users\DANIEL~1\AppData\Local\Temp\cclQ1qbj.ltrans7.ltrans.o
                0x00003680                I2C_MasterStart
 .text.I2C_MasterRepeatedStart
                0x000036f8       0xc8 C:\Users\DANIEL~1\AppData\Local\Temp\cclQ1qbj.ltrans7.ltrans.o
                0x000036f8                I2C_MasterRepeatedStart
 .text.I2C_MasterStop
                0x000037c0       0x68 C:\Users\DANIEL~1\AppData\Local\Temp\cclQ1qbj.ltrans7.ltrans.o
                0x000037c0                I2C_MasterStop
 .text.I2C_MasterGetStatusFlags
                0x00003828       0x4c C:\Users\DANIEL~1\AppData\Local\Temp\cclQ1qbj.ltrans7.ltrans.o
                0x00003828                I2C_MasterGetStatusFlags
 .text.I2C_MasterWriteBlocking.4189
                0x00003874       0xe8 C:\Users\DANIEL~1\AppData\Local\Temp\cclQ1qbj.ltrans7.ltrans.o
 .text.I2C_MasterReadBlocking.4183
                0x0000395c       0xec C:\Users\DANIEL~1\AppData\Local\Temp\cclQ1qbj.ltrans7.ltrans.o
 .text.I2C_MasterTransferBlocking
                0x00003a48      0x240 C:\Users\DANIEL~1\AppData\Local\Temp\cclQ1qbj.ltrans7.ltrans.o
                0x00003a48                I2C_MasterTransferBlocking
 .text.I2C_MasterTransferCreateHandle
                0x00003c88       0x8c C:\Users\DANIEL~1\AppData\Local\Temp\cclQ1qbj.ltrans7.ltrans.o
                0x00003c88                I2C_MasterTransferCreateHandle
 .text.I2C_MasterTransferHandleIRQ.4136
                0x00003d14       0xd4 C:\Users\DANIEL~1\AppData\Local\Temp\cclQ1qbj.ltrans7.ltrans.o
 .text.I2C0_DriverIRQHandler
                0x00003de8       0x20 C:\Users\DANIEL~1\AppData\Local\Temp\cclQ1qbj.ltrans7.ltrans.o
                0x00003de8                I2C0_DriverIRQHandler
 .text.I2C1_DriverIRQHandler
                0x00003e08       0x20 C:\Users\DANIEL~1\AppData\Local\Temp\cclQ1qbj.ltrans7.ltrans.o
                0x00003e08                I2C1_DriverIRQHandler
 .text.GPIO_WritePinOutput.8430.4151
                0x00003e28       0x34 C:\Users\DANIEL~1\AppData\Local\Temp\cclQ1qbj.ltrans8.ltrans.o
 .text.GPIO_PinInit
                0x00003e5c       0x78 C:\Users\DANIEL~1\AppData\Local\Temp\cclQ1qbj.ltrans8.ltrans.o
                0x00003e5c                GPIO_PinInit
 .text.NVIC_EnableIRQ.8484.4116
                0x00003ed4       0x2c C:\Users\DANIEL~1\AppData\Local\Temp\cclQ1qbj.ltrans8.ltrans.o
 .text.CLOCK_EnableClock.8490
                0x00003f00       0x34 C:\Users\DANIEL~1\AppData\Local\Temp\cclQ1qbj.ltrans8.ltrans.o
                0x00003f00                CLOCK_EnableClock.8490
 .text.EnableIRQ.8498
                0x00003f34       0x2c C:\Users\DANIEL~1\AppData\Local\Temp\cclQ1qbj.ltrans8.ltrans.o
                0x00003f34                EnableIRQ.8498
 .text.I2C_MasterClearStatusFlags.8523
                0x00003f60       0x54 C:\Users\DANIEL~1\AppData\Local\Temp\cclQ1qbj.ltrans8.ltrans.o
                0x00003f60                I2C_MasterClearStatusFlags.8523
 .text.I2C_GetInstance
                0x00003fb4       0x58 C:\Users\DANIEL~1\AppData\Local\Temp\cclQ1qbj.ltrans8.ltrans.o
                0x00003fb4                I2C_GetInstance
 .text.I2C_CheckAndClearError.8541
                0x0000400c       0x40 C:\Users\DANIEL~1\AppData\Local\Temp\cclQ1qbj.ltrans8.ltrans.o
                0x0000400c                I2C_CheckAndClearError.8541
 .text.I2C_MasterTransferRunStateMachine.8624
                0x0000404c      0x26c C:\Users\DANIEL~1\AppData\Local\Temp\cclQ1qbj.ltrans8.ltrans.o
                0x0000404c                I2C_MasterTransferRunStateMachine.8624
 .text.I2C_TransferCommonIRQHandler.8548
                0x000042b8       0x58 C:\Users\DANIEL~1\AppData\Local\Temp\cclQ1qbj.ltrans8.ltrans.o
                0x000042b8                I2C_TransferCommonIRQHandler.8548
 .text.FLEXIO_CommonIRQHandler.4155
                0x00004310       0x64 C:\Users\DANIEL~1\AppData\Local\Temp\cclQ1qbj.ltrans13.ltrans.o
 .text.UART2_FLEXIO_DriverIRQHandler
                0x00004374        0xc C:\Users\DANIEL~1\AppData\Local\Temp\cclQ1qbj.ltrans13.ltrans.o
                0x00004374                UART2_FLEXIO_DriverIRQHandler
 .text.DMA_HandleIRQ.4203
                0x00004380       0x60 C:\Users\DANIEL~1\AppData\Local\Temp\cclQ1qbj.ltrans14.ltrans.o
 .text.DMA0_DriverIRQHandler
                0x000043e0       0x18 C:\Users\DANIEL~1\AppData\Local\Temp\cclQ1qbj.ltrans14.ltrans.o
                0x000043e0                DMA0_DriverIRQHandler
 .text.DMA1_DriverIRQHandler
                0x000043f8       0x18 C:\Users\DANIEL~1\AppData\Local\Temp\cclQ1qbj.ltrans14.ltrans.o
                0x000043f8                DMA1_DriverIRQHandler
 .text.DMA2_DriverIRQHandler
                0x00004410       0x18 C:\Users\DANIEL~1\AppData\Local\Temp\cclQ1qbj.ltrans14.ltrans.o
                0x00004410                DMA2_DriverIRQHandler
 .text.DMA3_DriverIRQHandler
                0x00004428       0x18 C:\Users\DANIEL~1\AppData\Local\Temp\cclQ1qbj.ltrans14.ltrans.o
                0x00004428                DMA3_DriverIRQHandler
 .text.CLOCK_SetSimConfig
                0x00004440       0x2c C:\Users\DANIEL~1\AppData\Local\Temp\cclQ1qbj.ltrans15.ltrans.o
                0x00004440                CLOCK_SetSimConfig
 .text.CLOCK_GetInternalRefClkFreq
                0x0000446c       0x48 C:\Users\DANIEL~1\AppData\Local\Temp\cclQ1qbj.ltrans15.ltrans.o
                0x0000446c                CLOCK_GetInternalRefClkFreq
 .text.CLOCK_GetPeriphClkFreq
                0x000044b4       0x38 C:\Users\DANIEL~1\AppData\Local\Temp\cclQ1qbj.ltrans15.ltrans.o
                0x000044b4                CLOCK_GetPeriphClkFreq
 .text.CLOCK_GetOutClkFreq
                0x000044ec       0x8c C:\Users\DANIEL~1\AppData\Local\Temp\cclQ1qbj.ltrans15.ltrans.o
                0x000044ec                CLOCK_GetOutClkFreq
 .text.CLOCK_SetMcgliteConfig
                0x00004578      0x120 C:\Users\DANIEL~1\AppData\Local\Temp\cclQ1qbj.ltrans15.ltrans.o
                0x00004578                CLOCK_SetMcgliteConfig
 .text.__assert_func
                0x00004698       0x28 C:\Users\DANIEL~1\AppData\Local\Temp\cclQ1qbj.ltrans15.ltrans.o
                0x00004698                __assert_func
 .text.DMA_ClearChannelStatusFlags.5639
                0x000046c0       0x60 C:\Users\DANIEL~1\AppData\Local\Temp\cclQ1qbj.ltrans15.ltrans.o
                0x000046c0                DMA_ClearChannelStatusFlags.5639
 .text.nivel_distancia.4216
                0x00004720       0xbc C:\Users\DANIEL~1\AppData\Local\Temp\cclQ1qbj.ltrans16.ltrans.o
 .text.i2c_release_bus_delay.4611.4214
                0x000047dc       0x24 C:\Users\DANIEL~1\AppData\Local\Temp\cclQ1qbj.ltrans16.ltrans.o
 .text.BOARD_I2C_ReleaseBus.4212
                0x00004800      0x11c C:\Users\DANIEL~1\AppData\Local\Temp\cclQ1qbj.ltrans16.ltrans.o
 .text.Timer_Init.4615.4210
                0x0000491c       0x80 C:\Users\DANIEL~1\AppData\Local\Temp\cclQ1qbj.ltrans16.ltrans.o
 .text.Board_UpdatePwm.4617.4203
                0x0000499c       0x40 C:\Users\DANIEL~1\AppData\Local\Temp\cclQ1qbj.ltrans16.ltrans.o
 *fill*         0x000049dc        0x4 
 .text.leer_acelerometro_y.4201
                0x000049e0      0x3f8 C:\Users\DANIEL~1\AppData\Local\Temp\cclQ1qbj.ltrans16.ltrans.o
 .text.leer_acelerometro_x.4199
                0x00004dd8      0x3f8 C:\Users\DANIEL~1\AppData\Local\Temp\cclQ1qbj.ltrans16.ltrans.o
 .text.nivel_aceleracion_1.4197
                0x000051d0       0xb8 C:\Users\DANIEL~1\AppData\Local\Temp\cclQ1qbj.ltrans16.ltrans.o
 .text.nivel_aceleracion_2.4195
                0x00005288       0xbc C:\Users\DANIEL~1\AppData\Local\Temp\cclQ1qbj.ltrans16.ltrans.o
 .text.main     0x00005344       0x34 C:\Users\DANIEL~1\AppData\Local\Temp\cclQ1qbj.ltrans16.ltrans.o
                0x00005344                main
 .text.CLOCK_EnableClock.4875.4188
                0x00005378       0x34 C:\Users\DANIEL~1\AppData\Local\Temp\cclQ1qbj.ltrans16.ltrans.o
 .text.ADC16_GetInstance.4884.4182
                0x000053ac       0x50 C:\Users\DANIEL~1\AppData\Local\Temp\cclQ1qbj.ltrans16.ltrans.o
 .text.ADC16_Init
                0x000053fc      0x120 C:\Users\DANIEL~1\AppData\Local\Temp\cclQ1qbj.ltrans16.ltrans.o
                0x000053fc                ADC16_Init
 .text.ADC16_GetDefaultConfig
                0x0000551c       0x64 C:\Users\DANIEL~1\AppData\Local\Temp\cclQ1qbj.ltrans16.ltrans.o
                0x0000551c                ADC16_GetDefaultConfig
 .text.ADC16_DoAutoCalibration
                0x00005580      0x11c C:\Users\DANIEL~1\AppData\Local\Temp\cclQ1qbj.ltrans16.ltrans.o
                0x00005580                ADC16_DoAutoCalibration
 .text.ADC16_GetStatusFlags.4117
                0x0000569c       0x3c C:\Users\DANIEL~1\AppData\Local\Temp\cclQ1qbj.ltrans16.ltrans.o
 .text.ADC16_SetChannelConfig
                0x000056d8       0x80 C:\Users\DANIEL~1\AppData\Local\Temp\cclQ1qbj.ltrans16.ltrans.o
                0x000056d8                ADC16_SetChannelConfig
 .text.ADC16_GetChannelStatusFlags
                0x00005758       0x50 C:\Users\DANIEL~1\AppData\Local\Temp\cclQ1qbj.ltrans16.ltrans.o
                0x00005758                ADC16_GetChannelStatusFlags
 .text.CLOCK_SetEr32kClock.5031
                0x000057a8       0x30 C:\Users\DANIEL~1\AppData\Local\Temp\cclQ1qbj.ltrans16.ltrans.o
                0x000057a8                CLOCK_SetEr32kClock.5031
 .text.CLOCK_GetLircClkFreq.5052
                0x000057d8       0x48 C:\Users\DANIEL~1\AppData\Local\Temp\cclQ1qbj.ltrans16.ltrans.o
                0x000057d8                CLOCK_GetLircClkFreq.5052
 .text.CLOCK_GetOsc0ErClkFreq.4033
                0x00005820       0x4c C:\Users\DANIEL~1\AppData\Local\Temp\cclQ1qbj.ltrans16.ltrans.o
 .text.CLOCK_GetEr32kClkFreq.4031
                0x0000586c       0x80 C:\Users\DANIEL~1\AppData\Local\Temp\cclQ1qbj.ltrans16.ltrans.o
 .text.CLOCK_GetFreq
                0x000058ec       0xc0 C:\Users\DANIEL~1\AppData\Local\Temp\cclQ1qbj.ltrans16.ltrans.o
                0x000058ec                CLOCK_GetFreq
 .text.UART_EnableTx.4013.4422
                0x000059ac       0x40 C:\Users\DANIEL~1\AppData\Local\Temp\cclQ1qbj.ltrans17.ltrans.o
 .text.UART_EnableRx.4059.4418
                0x000059ec       0x40 C:\Users\DANIEL~1\AppData\Local\Temp\cclQ1qbj.ltrans17.ltrans.o
 .text.LPUART_EnableTx.4063.4414
                0x00005a2c       0x3c C:\Users\DANIEL~1\AppData\Local\Temp\cclQ1qbj.ltrans17.ltrans.o
 .text.LPUART_EnableRx.4076.4410
                0x00005a68       0x3c C:\Users\DANIEL~1\AppData\Local\Temp\cclQ1qbj.ltrans17.ltrans.o
 .text.DbgConsole_Init
                0x00005aa4       0xf8 C:\Users\DANIEL~1\AppData\Local\Temp\cclQ1qbj.ltrans17.ltrans.o
                0x00005aa4                DbgConsole_Init
 .text.DbgConsole_Printf
                0x00005b9c       0x48 C:\Users\DANIEL~1\AppData\Local\Temp\cclQ1qbj.ltrans17.ltrans.o
                0x00005b9c                DbgConsole_Printf
 .text.DbgConsole_Putchar.4328
                0x00005be4       0x38 C:\Users\DANIEL~1\AppData\Local\Temp\cclQ1qbj.ltrans17.ltrans.o
 .text.DbgConsole_PrintfPaddingCharacter.4105.4313
                0x00005c1c       0x48 C:\Users\DANIEL~1\AppData\Local\Temp\cclQ1qbj.ltrans17.ltrans.o
 .text.DbgConsole_ConvertRadixNumToString.4113.4306
                0x00005c64      0x114 C:\Users\DANIEL~1\AppData\Local\Temp\cclQ1qbj.ltrans17.ltrans.o
 .text.DbgConsole_PrintfFormattedData.4120.4300
                0x00005d78      0x344 C:\Users\DANIEL~1\AppData\Local\Temp\cclQ1qbj.ltrans17.ltrans.o
 .text.SystemInit
                0x000060bc       0x38 C:\Users\DANIEL~1\AppData\Local\Temp\cclQ1qbj.ltrans17.ltrans.o
                0x000060bc                SystemInit
 .text.CLOCK_SetTpmClock.4485
                0x000060f4       0x38 C:\Users\DANIEL~1\AppData\Local\Temp\cclQ1qbj.ltrans17.ltrans.o
                0x000060f4                CLOCK_SetTpmClock.4485
 .text.GPIO_WritePinOutput.4491
                0x0000612c       0x34 C:\Users\DANIEL~1\AppData\Local\Temp\cclQ1qbj.ltrans17.ltrans.o
                0x0000612c                GPIO_WritePinOutput.4491
 .text.ADC16_EnableHardwareTrigger.4506.4120
                0x00006160       0x3c C:\Users\DANIEL~1\AppData\Local\Temp\cclQ1qbj.ltrans17.ltrans.o
 .text.ADC16_GetChannelConversionValue.4560.4086
                0x0000619c       0x3c C:\Users\DANIEL~1\AppData\Local\Temp\cclQ1qbj.ltrans17.ltrans.o
 .text.TPM_StartTimer.4539
                0x000061d8       0x38 C:\Users\DANIEL~1\AppData\Local\Temp\cclQ1qbj.ltrans17.ltrans.o
                0x000061d8                TPM_StartTimer.4539
 .text.PORT_SetPinConfig.4564
                0x00006210       0x44 C:\Users\DANIEL~1\AppData\Local\Temp\cclQ1qbj.ltrans17.ltrans.o
                0x00006210                PORT_SetPinConfig.4564
 .text.bluetooth
                0x00006254       0x70 C:\Users\DANIEL~1\AppData\Local\Temp\cclQ1qbj.ltrans17.ltrans.o
                0x00006254                bluetooth
 .text.inicializar_leds
                0x000062c4       0xb0 C:\Users\DANIEL~1\AppData\Local\Temp\cclQ1qbj.ltrans17.ltrans.o
                0x000062c4                inicializar_leds
 .text.delay    0x00006374       0x2c C:\Users\DANIEL~1\AppData\Local\Temp\cclQ1qbj.ltrans17.ltrans.o
                0x00006374                delay
 .text.leer_adc
                0x000063a0       0x94 C:\Users\DANIEL~1\AppData\Local\Temp\cclQ1qbj.ltrans17.ltrans.o
                0x000063a0                leer_adc
 .text.led_rojo
                0x00006434       0x4c C:\Users\DANIEL~1\AppData\Local\Temp\cclQ1qbj.ltrans17.ltrans.o
                0x00006434                led_rojo
 .text.led_verde
                0x00006480       0x4c C:\Users\DANIEL~1\AppData\Local\Temp\cclQ1qbj.ltrans17.ltrans.o
                0x00006480                led_verde
 .text.led_amarillo
                0x000064cc       0x64 C:\Users\DANIEL~1\AppData\Local\Temp\cclQ1qbj.ltrans17.ltrans.o
                0x000064cc                led_amarillo
 .text.memcpy   0x00006530       0x12 c:/freescale/kds_v3/toolchain/bin/../lib/gcc/arm-none-eabi/4.8.4/../../../../arm-none-eabi/lib/armv6-m\libg_s.a(lib_a-memcpy-stub.o)
                0x00006530                memcpy
 .text.strlen   0x00006542        0xe c:/freescale/kds_v3/toolchain/bin/../lib/gcc/arm-none-eabi/4.8.4/../../../../arm-none-eabi/lib/armv6-m\libg_s.a(lib_a-strlen.o)
                0x00006542                strlen
 .text.exit     0x00006550       0x2c c:/freescale/kds_v3/toolchain/bin/../lib/gcc/arm-none-eabi/4.8.4/../../../../arm-none-eabi/lib/armv6-m\libg_s.a(lib_a-exit.o)
                0x00006550                exit
 .text.__libc_init_array
                0x0000657c       0x4c c:/freescale/kds_v3/toolchain/bin/../lib/gcc/arm-none-eabi/4.8.4/../../../../arm-none-eabi/lib/armv6-m\libg_s.a(lib_a-init.o)
                0x0000657c                __libc_init_array
 .text.memset   0x000065c8       0x10 c:/freescale/kds_v3/toolchain/bin/../lib/gcc/arm-none-eabi/4.8.4/../../../../arm-none-eabi/lib/armv6-m\libg_s.a(lib_a-memset.o)
                0x000065c8                memset
 .text._exit    0x000065d8        0x4 c:/freescale/kds_v3/toolchain/bin/../lib/gcc/arm-none-eabi/4.8.4/../../../../arm-none-eabi/lib/armv6-m\libnosys.a(_exit.o)
                0x000065d8                _exit
 *fill*         0x000065dc        0x4 
 .text.floor    0x000065e0      0x170 c:/freescale/kds_v3/toolchain/bin/../lib/gcc/arm-none-eabi/4.8.4/../../../../arm-none-eabi/lib/armv6-m\libm.a(lib_a-s_floor.o)
                0x000065e0                floor
 *(.rodata)
 .rodata        0x00006750      0x100 C:\Users\DANIEL~1\AppData\Local\Temp\cclQ1qbj.ltrans0.ltrans.o
 .rodata        0x00006850      0x148 C:\Users\DANIEL~1\AppData\Local\Temp\cclQ1qbj.ltrans2.ltrans.o
 .rodata        0x00006998       0xb4 C:\Users\DANIEL~1\AppData\Local\Temp\cclQ1qbj.ltrans3.ltrans.o
 .rodata        0x00006a4c      0x100 C:\Users\DANIEL~1\AppData\Local\Temp\cclQ1qbj.ltrans5.ltrans.o
 .rodata        0x00006b4c      0x144 C:\Users\DANIEL~1\AppData\Local\Temp\cclQ1qbj.ltrans6.ltrans.o
 .rodata        0x00006c90       0xa4 C:\Users\DANIEL~1\AppData\Local\Temp\cclQ1qbj.ltrans7.ltrans.o
 .rodata        0x00006d34      0x158 C:\Users\DANIEL~1\AppData\Local\Temp\cclQ1qbj.ltrans8.ltrans.o
 .rodata        0x00006e8c      0x140 C:\Users\DANIEL~1\AppData\Local\Temp\cclQ1qbj.ltrans14.ltrans.o
 .rodata        0x00006fcc      0x168 C:\Users\DANIEL~1\AppData\Local\Temp\cclQ1qbj.ltrans15.ltrans.o
 .rodata        0x00007134      0x168 C:\Users\DANIEL~1\AppData\Local\Temp\cclQ1qbj.ltrans16.ltrans.o
 .rodata        0x0000729c      0x2f0 C:\Users\DANIEL~1\AppData\Local\Temp\cclQ1qbj.ltrans17.ltrans.o
 .rodata        0x0000758c       0x40 c:/freescale/kds_v3/toolchain/bin/../lib/gcc/arm-none-eabi/4.8.4/armv6-m\libgcc.a(divdf3.o)
 .rodata        0x000075cc       0x40 c:/freescale/kds_v3/toolchain/bin/../lib/gcc/arm-none-eabi/4.8.4/armv6-m\libgcc.a(muldf3.o)
 *(.rodata*)
 .rodata.CLOCK_GetFreq
                0x0000760c       0x50 C:\Users\DANIEL~1\AppData\Local\Temp\cclQ1qbj.ltrans16.ltrans.o
 .rodata.g_accel_address
                0x0000765c        0x4 C:\Users\DANIEL~1\AppData\Local\Temp\cclQ1qbj.ltrans17.ltrans.o
                0x0000765c                g_accel_address
 .rodata.__func__.5496.4830.4564
                0x00007660       0x20 C:\Users\DANIEL~1\AppData\Local\Temp\cclQ1qbj.ltrans17.ltrans.o
 .rodata.__func__.6448.4831.4563
                0x00007680       0x14 C:\Users\DANIEL~1\AppData\Local\Temp\cclQ1qbj.ltrans17.ltrans.o
 .rodata.__func__.5450.5005
                0x00007694       0x14 C:\Users\DANIEL~1\AppData\Local\Temp\cclQ1qbj.ltrans17.ltrans.o
                0x00007694                __func__.5450.5005
 .rodata.__func__.5455.5006
                0x000076a8        0xc C:\Users\DANIEL~1\AppData\Local\Temp\cclQ1qbj.ltrans17.ltrans.o
                0x000076a8                __func__.5455.5006
 .rodata.__func__.5463.5007
                0x000076b4       0x18 C:\Users\DANIEL~1\AppData\Local\Temp\cclQ1qbj.ltrans17.ltrans.o
                0x000076b4                __func__.5463.5007
 .rodata.__func__.5506.5008
                0x000076cc       0x18 C:\Users\DANIEL~1\AppData\Local\Temp\cclQ1qbj.ltrans17.ltrans.o
                0x000076cc                __func__.5506.5008
 .rodata.__func__.5512.5009
                0x000076e4       0x1c C:\Users\DANIEL~1\AppData\Local\Temp\cclQ1qbj.ltrans17.ltrans.o
                0x000076e4                __func__.5512.5009
 .rodata.lircFreqs.5320.5133
                0x00007700        0x8 C:\Users\DANIEL~1\AppData\Local\Temp\cclQ1qbj.ltrans17.ltrans.o
                0x00007700                lircFreqs.5320.5133
 .rodata.__func__.5328.5135
                0x00007708       0x18 C:\Users\DANIEL~1\AppData\Local\Temp\cclQ1qbj.ltrans17.ltrans.o
                0x00007708                __func__.5328.5135
 .rodata.__func__.5336.5137
                0x00007720       0x18 C:\Users\DANIEL~1\AppData\Local\Temp\cclQ1qbj.ltrans17.ltrans.o
                0x00007720                __func__.5336.5137
 .rodata.__func__.5393.5138
                0x00007738       0x14 C:\Users\DANIEL~1\AppData\Local\Temp\cclQ1qbj.ltrans17.ltrans.o
                0x00007738                __func__.5393.5138
 .rodata.__func__.5407.5139
                0x0000774c       0x18 C:\Users\DANIEL~1\AppData\Local\Temp\cclQ1qbj.ltrans17.ltrans.o
                0x0000774c                __func__.5407.5139
 .rodata.__func__.5610.5760
                0x00007764       0x10 C:\Users\DANIEL~1\AppData\Local\Temp\cclQ1qbj.ltrans17.ltrans.o
                0x00007764                __func__.5610.5760
 .rodata.__func__.5478.5747
                0x00007774       0x1c C:\Users\DANIEL~1\AppData\Local\Temp\cclQ1qbj.ltrans17.ltrans.o
                0x00007774                __func__.5478.5747
 .rodata.__func__.5366.8473
                0x00007790       0x10 C:\Users\DANIEL~1\AppData\Local\Temp\cclQ1qbj.ltrans17.ltrans.o
                0x00007790                __func__.5366.8473
 .rodata.s_i2cDividerTable.8758
                0x000077a0       0x80 C:\Users\DANIEL~1\AppData\Local\Temp\cclQ1qbj.ltrans17.ltrans.o
                0x000077a0                s_i2cDividerTable.8758
 .rodata.s_i2cBases.8756
                0x00007820        0x8 C:\Users\DANIEL~1\AppData\Local\Temp\cclQ1qbj.ltrans17.ltrans.o
                0x00007820                s_i2cBases.8756
 .rodata.s_i2cIrqs.8770
                0x00007828        0x4 C:\Users\DANIEL~1\AppData\Local\Temp\cclQ1qbj.ltrans17.ltrans.o
                0x00007828                s_i2cIrqs.8770
 .rodata.s_i2cClocks.8762
                0x0000782c        0x8 C:\Users\DANIEL~1\AppData\Local\Temp\cclQ1qbj.ltrans17.ltrans.o
                0x0000782c                s_i2cClocks.8762
 .rodata.__func__.5578.8757
                0x00007834       0x10 C:\Users\DANIEL~1\AppData\Local\Temp\cclQ1qbj.ltrans17.ltrans.o
                0x00007834                __func__.5578.8757
 .rodata.__func__.5634.8764
                0x00007844       0x10 C:\Users\DANIEL~1\AppData\Local\Temp\cclQ1qbj.ltrans17.ltrans.o
                0x00007844                __func__.5634.8764
 .rodata.__func__.5643.8763
                0x00007854       0x1c C:\Users\DANIEL~1\AppData\Local\Temp\cclQ1qbj.ltrans17.ltrans.o
                0x00007854                __func__.5643.8763
 .rodata.__func__.5747.8767
                0x00007870       0x1c C:\Users\DANIEL~1\AppData\Local\Temp\cclQ1qbj.ltrans17.ltrans.o
                0x00007870                __func__.5747.8767
 .rodata.__func__.5770.8768
                0x0000788c       0x20 C:\Users\DANIEL~1\AppData\Local\Temp\cclQ1qbj.ltrans17.ltrans.o
                0x0000788c                __func__.5770.8768
 .rodata.__func__.5801.8765
                0x000078ac       0x1c C:\Users\DANIEL~1\AppData\Local\Temp\cclQ1qbj.ltrans17.ltrans.o
                0x000078ac                __func__.5801.8765
 .rodata.s_lpuartBases.9314
                0x000078c8        0x8 C:\Users\DANIEL~1\AppData\Local\Temp\cclQ1qbj.ltrans17.ltrans.o
                0x000078c8                s_lpuartBases.9314
 .rodata.s_lpuartClock.9321
                0x000078d0        0x8 C:\Users\DANIEL~1\AppData\Local\Temp\cclQ1qbj.ltrans17.ltrans.o
                0x000078d0                s_lpuartClock.9321
 .rodata.__func__.5536.9315
                0x000078d8       0x14 C:\Users\DANIEL~1\AppData\Local\Temp\cclQ1qbj.ltrans17.ltrans.o
                0x000078d8                __func__.5536.9315
 .rodata.__func__.5574.9320
                0x000078ec        0xc C:\Users\DANIEL~1\AppData\Local\Temp\cclQ1qbj.ltrans17.ltrans.o
                0x000078ec                __func__.5574.9320
 .rodata.__func__.5596.9322
                0x000078f8       0x18 C:\Users\DANIEL~1\AppData\Local\Temp\cclQ1qbj.ltrans17.ltrans.o
                0x000078f8                __func__.5596.9322
 .rodata.__func__.5642.9325
                0x00007910       0x18 C:\Users\DANIEL~1\AppData\Local\Temp\cclQ1qbj.ltrans17.ltrans.o
                0x00007910                __func__.5642.9325
 .rodata.__func__.5654.9326
                0x00007928       0x14 C:\Users\DANIEL~1\AppData\Local\Temp\cclQ1qbj.ltrans17.ltrans.o
                0x00007928                __func__.5654.9326
 .rodata.__func__.5757.10229
                0x0000793c       0x18 C:\Users\DANIEL~1\AppData\Local\Temp\cclQ1qbj.ltrans17.ltrans.o
                0x0000793c                __func__.5757.10229
 .rodata.__func__.5761.10230
                0x00007954       0x18 C:\Users\DANIEL~1\AppData\Local\Temp\cclQ1qbj.ltrans17.ltrans.o
                0x00007954                __func__.5761.10230
 .rodata.s_tpmBases.10532
                0x0000796c        0xc C:\Users\DANIEL~1\AppData\Local\Temp\cclQ1qbj.ltrans17.ltrans.o
                0x0000796c                s_tpmBases.10532
 .rodata.s_tpmClocks.10535
                0x00007978        0xc C:\Users\DANIEL~1\AppData\Local\Temp\cclQ1qbj.ltrans17.ltrans.o
                0x00007978                s_tpmClocks.10535
 .rodata.__func__.5488.10533
                0x00007984       0x10 C:\Users\DANIEL~1\AppData\Local\Temp\cclQ1qbj.ltrans17.ltrans.o
                0x00007984                __func__.5488.10533
 .rodata.__func__.5493.10534
                0x00007994        0xc C:\Users\DANIEL~1\AppData\Local\Temp\cclQ1qbj.ltrans17.ltrans.o
                0x00007994                __func__.5493.10534
 .rodata.__func__.5500.10536
                0x000079a0       0x18 C:\Users\DANIEL~1\AppData\Local\Temp\cclQ1qbj.ltrans17.ltrans.o
                0x000079a0                __func__.5500.10536
 .rodata.__func__.5509.10537
                0x000079b8       0x10 C:\Users\DANIEL~1\AppData\Local\Temp\cclQ1qbj.ltrans17.ltrans.o
                0x000079b8                __func__.5509.10537
 .rodata.__func__.5533.10538
                0x000079c8       0x18 C:\Users\DANIEL~1\AppData\Local\Temp\cclQ1qbj.ltrans17.ltrans.o
                0x000079c8                __func__.5533.10538
 .rodata.s_uartBases.10771
                0x000079e0        0xc C:\Users\DANIEL~1\AppData\Local\Temp\cclQ1qbj.ltrans17.ltrans.o
                0x000079e0                s_uartBases.10771
 .rodata.s_uartClock.10776
                0x000079ec        0xc C:\Users\DANIEL~1\AppData\Local\Temp\cclQ1qbj.ltrans17.ltrans.o
                0x000079ec                s_uartClock.10776
 .rodata.__func__.5526.10772
                0x000079f8       0x14 C:\Users\DANIEL~1\AppData\Local\Temp\cclQ1qbj.ltrans17.ltrans.o
                0x000079f8                __func__.5526.10772
 .rodata.__func__.5542.10775
                0x00007a0c        0xc C:\Users\DANIEL~1\AppData\Local\Temp\cclQ1qbj.ltrans17.ltrans.o
                0x00007a0c                __func__.5542.10775
 .rodata.__func__.5557.10777
                0x00007a18       0x18 C:\Users\DANIEL~1\AppData\Local\Temp\cclQ1qbj.ltrans17.ltrans.o
                0x00007a18                __func__.5557.10777
 .rodata.__func__.5617.10780
                0x00007a30       0x14 C:\Users\DANIEL~1\AppData\Local\Temp\cclQ1qbj.ltrans17.ltrans.o
                0x00007a30                __func__.5617.10780
 .rodata.__func__.5371.11289
                0x00007a44       0x14 C:\Users\DANIEL~1\AppData\Local\Temp\cclQ1qbj.ltrans17.ltrans.o
                0x00007a44                __func__.5371.11289
 .rodata.str1.1
                0x00007a58        0x2 c:/freescale/kds_v3/toolchain/bin/../lib/gcc/arm-none-eabi/4.8.4/../../../../arm-none-eabi/lib/armv6-m\libg_s.a(lib_a-impure.o)
 *fill*         0x00007a5a        0x2 
 .rodata._global_impure_ptr
                0x00007a5c        0x4 c:/freescale/kds_v3/toolchain/bin/../lib/gcc/arm-none-eabi/4.8.4/../../../../arm-none-eabi/lib/armv6-m\libg_s.a(lib_a-impure.o)
                0x00007a5c                _global_impure_ptr
 *(.glue_7)
 .glue_7        0x00000000        0x0 linker stubs
 *(.glue_7t)
 .glue_7t       0x00000000        0x0 linker stubs
 *(.eh_frame)
 .eh_frame      0x00007a60        0x0 c:/freescale/kds_v3/toolchain/bin/../lib/gcc/arm-none-eabi/4.8.4/armv6-m/crtbegin.o
 *(.init)
 .init          0x00007a60        0x4 c:/freescale/kds_v3/toolchain/bin/../lib/gcc/arm-none-eabi/4.8.4/armv6-m/crti.o
                0x00007a60                _init
 .init          0x00007a64        0x8 c:/freescale/kds_v3/toolchain/bin/../lib/gcc/arm-none-eabi/4.8.4/armv6-m/crtn.o
 *(.fini)
 .fini          0x00007a6c        0x4 c:/freescale/kds_v3/toolchain/bin/../lib/gcc/arm-none-eabi/4.8.4/armv6-m/crti.o
                0x00007a6c                _fini
 .fini          0x00007a70        0x8 c:/freescale/kds_v3/toolchain/bin/../lib/gcc/arm-none-eabi/4.8.4/armv6-m/crtn.o
                0x00007a78                . = ALIGN (0x4)

.vfp11_veneer   0x00007a78        0x0
 .vfp11_veneer  0x00000000        0x0 linker stubs

.v4_bx          0x00007a78        0x0
 .v4_bx         0x00000000        0x0 linker stubs

.iplt           0x00007a78        0x0
 .iplt          0x00000000        0x0 c:/freescale/kds_v3/toolchain/bin/../lib/gcc/arm-none-eabi/4.8.4/armv6-m/crtbegin.o

.ARM.extab
 *(.ARM.extab* .gnu.linkonce.armextab.*)

.ARM            0x00007a78        0x8
                0x00007a78                __exidx_start = .
 *(.ARM.exidx*)
 .ARM.exidx     0x00007a78        0x8 c:/freescale/kds_v3/toolchain/bin/../lib/gcc/arm-none-eabi/4.8.4/../../../../arm-none-eabi/lib/armv6-m/crt0.o
                0x00007a80                __exidx_end = .

.rel.dyn        0x00007a80        0x0
 .rel.iplt      0x00000000        0x0 c:/freescale/kds_v3/toolchain/bin/../lib/gcc/arm-none-eabi/4.8.4/armv6-m/crtbegin.o

.ctors          0x00007a80        0x0
                0x00007a80                __CTOR_LIST__ = .
 *crtbegin.o(.ctors)
 *crtbegin?.o(.ctors)
 *(EXCLUDE_FILE(*crtend.o *crtend?.o) .ctors)
 *(SORT(.ctors.*))
 *(.ctors)
                0x00007a80                __CTOR_END__ = .

.dtors          0x00007a80        0x0
                0x00007a80                __DTOR_LIST__ = .
 *crtbegin.o(.dtors)
 *crtbegin?.o(.dtors)
 *(EXCLUDE_FILE(*crtend.o *crtend?.o) .dtors)
 *(SORT(.dtors.*))
 *(.dtors)
                0x00007a80                __DTOR_END__ = .

.preinit_array  0x00007a80        0x0
                0x00007a80                PROVIDE (__preinit_array_start, .)
 *(.preinit_array*)
                0x00007a80                PROVIDE (__preinit_array_end, .)

.init_array     0x00007a80        0x4
                0x00007a80                PROVIDE (__init_array_start, .)
 *(SORT(.init_array.*))
 *(.init_array*)
 .init_array    0x00007a80        0x4 c:/freescale/kds_v3/toolchain/bin/../lib/gcc/arm-none-eabi/4.8.4/armv6-m/crtbegin.o
                0x00007a84                PROVIDE (__init_array_end, .)

.fini_array     0x00007a84        0x4
                0x00007a84                PROVIDE (__fini_array_start, .)
 *(SORT(.fini_array.*))
 *(.fini_array*)
 .fini_array    0x00007a84        0x4 c:/freescale/kds_v3/toolchain/bin/../lib/gcc/arm-none-eabi/4.8.4/armv6-m/crtbegin.o
                0x00007a88                PROVIDE (__fini_array_end, .)
                0x00007a88                __etext = .
                0x00007a88                __DATA_ROM = .

.mtb            0x1ffff000        0x0
                0x1ffff000                . = ALIGN (0x8)
                0x1ffff000                _mtb_start = .
 *(.mtb_buf)
                0x1ffff000                . = ALIGN (0x8)
                0x1ffff000                _mtb_end = .

.interrupts_ram
                0x1ffff000        0x0
                0x1ffff000                . = ALIGN (0x4)
                0x1ffff000                __VECTOR_RAM__ = .
                0x1ffff000                __interrupts_ram_start__ = .
 *(.m_interrupts_ram)
                0x1ffff000                . = (. + M_VECTOR_RAM_SIZE)
                0x1ffff000                . = ALIGN (0x4)
                0x1ffff000                __interrupts_ram_end__ = .
                0x00000000                __VECTOR_RAM = DEFINED (__ram_vector_table__)?__VECTOR_RAM__:ORIGIN (m_interrupts)
                0x00000000                __RAM_VECTOR_TABLE_SIZE_BYTES = DEFINED (__ram_vector_table__)?(__interrupts_ram_end__ - __interrupts_ram_start__):0x0

.data           0x1ffff000       0x68 load address 0x00007a88
                0x1ffff000                . = ALIGN (0x4)
                0x1ffff000                __DATA_RAM = .
                0x1ffff000                __data_start__ = .
 *(.data)
 *(.data*)
 .data.SystemCoreClock
                0x1ffff000        0x4 C:\Users\DANIEL~1\AppData\Local\Temp\cclQ1qbj.ltrans17.ltrans.o
                0x1ffff000                SystemCoreClock
 .data.impure_data
                0x1ffff004       0x60 c:/freescale/kds_v3/toolchain/bin/../lib/gcc/arm-none-eabi/4.8.4/../../../../arm-none-eabi/lib/armv6-m\libg_s.a(lib_a-impure.o)
 *(.jcr*)
 .jcr           0x1ffff064        0x0 c:/freescale/kds_v3/toolchain/bin/../lib/gcc/arm-none-eabi/4.8.4/armv6-m/crtbegin.o
 .jcr           0x1ffff064        0x4 c:/freescale/kds_v3/toolchain/bin/../lib/gcc/arm-none-eabi/4.8.4/armv6-m/crtend.o
                0x1ffff068                . = ALIGN (0x4)
                0x1ffff068                __data_end__ = .
                0x00007af0                __DATA_END = (__DATA_ROM + (__data_end__ - __data_start__))
                0x00010000                text_end = (ORIGIN (m_text) + 0xfbf0)
                0x00000001                ASSERT ((__DATA_END <= text_end), region m_text overflowed with text and data)
                0x00000000                USB_RAM_GAP = DEFINED (__usb_use_usbram__)?0x0:DEFINED (__usb_ram_size__)?__usb_ram_size__:0x0

.igot.plt       0x1ffff068        0x0 load address 0x00007af0
 .igot.plt      0x00000000        0x0 c:/freescale/kds_v3/toolchain/bin/../lib/gcc/arm-none-eabi/4.8.4/armv6-m/crtbegin.o

.bss            0x1ffff068      0x198 load address 0x00007af0
                0x1ffff068                . = ALIGN (0x4)
                0x1ffff068                __START_BSS = .
                0x1ffff068                __bss_start__ = .
 *(.bss)
 .bss           0x1ffff068       0x1c c:/freescale/kds_v3/toolchain/bin/../lib/gcc/arm-none-eabi/4.8.4/armv6-m/crtbegin.o
 *(.bss*)
 .bss.s_debugConsole.4179.4580
                0x1ffff084       0x10 C:\Users\DANIEL~1\AppData\Local\Temp\cclQ1qbj.ltrans17.ltrans.o
 .bss.lectura_adc
                0x1ffff094        0x4 C:\Users\DANIEL~1\AppData\Local\Temp\cclQ1qbj.ltrans17.ltrans.o
                0x1ffff094                lectura_adc
 .bss.g_MasterHandle
                0x1ffff098       0x28 C:\Users\DANIEL~1\AppData\Local\Temp\cclQ1qbj.ltrans17.ltrans.o
                0x1ffff098                g_MasterHandle
 .bss.g_xtal0Freq
                0x1ffff0c0        0x4 C:\Users\DANIEL~1\AppData\Local\Temp\cclQ1qbj.ltrans17.ltrans.o
                0x1ffff0c0                g_xtal0Freq
 .bss.g_xtal32Freq
                0x1ffff0c4        0x4 C:\Users\DANIEL~1\AppData\Local\Temp\cclQ1qbj.ltrans17.ltrans.o
                0x1ffff0c4                g_xtal32Freq
 .bss.s_DMAHandle.5754
                0x1ffff0c8       0x10 C:\Users\DANIEL~1\AppData\Local\Temp\cclQ1qbj.ltrans17.ltrans.o
                0x1ffff0c8                s_DMAHandle.5754
 .bss.s_flexioHandle.6347
                0x1ffff0d8        0x8 C:\Users\DANIEL~1\AppData\Local\Temp\cclQ1qbj.ltrans17.ltrans.o
                0x1ffff0d8                s_flexioHandle.6347
 .bss.s_flexioType.6348
                0x1ffff0e0        0x8 C:\Users\DANIEL~1\AppData\Local\Temp\cclQ1qbj.ltrans17.ltrans.o
                0x1ffff0e0                s_flexioType.6348
 .bss.s_flexioIsr.6349
                0x1ffff0e8        0x8 C:\Users\DANIEL~1\AppData\Local\Temp\cclQ1qbj.ltrans17.ltrans.o
                0x1ffff0e8                s_flexioIsr.6349
 .bss.s_i2cHandle.8769
                0x1ffff0f0        0x8 C:\Users\DANIEL~1\AppData\Local\Temp\cclQ1qbj.ltrans17.ltrans.o
                0x1ffff0f0                s_i2cHandle.8769
 .bss.s_i2cMasterIsr.8759
                0x1ffff0f8        0x4 C:\Users\DANIEL~1\AppData\Local\Temp\cclQ1qbj.ltrans17.ltrans.o
                0x1ffff0f8                s_i2cMasterIsr.8759
 .bss.s_i2cSlaveIsr.8761
                0x1ffff0fc        0x4 C:\Users\DANIEL~1\AppData\Local\Temp\cclQ1qbj.ltrans17.ltrans.o
                0x1ffff0fc                s_i2cSlaveIsr.8761
 .bss.s_lpuartHandle.9328
                0x1ffff100        0x8 C:\Users\DANIEL~1\AppData\Local\Temp\cclQ1qbj.ltrans17.ltrans.o
                0x1ffff100                s_lpuartHandle.9328
 .bss.s_lpuartIsr.9329
                0x1ffff108        0x4 C:\Users\DANIEL~1\AppData\Local\Temp\cclQ1qbj.ltrans17.ltrans.o
                0x1ffff108                s_lpuartIsr.9329
 .bss.s_spiHandle.10218
                0x1ffff10c        0x8 C:\Users\DANIEL~1\AppData\Local\Temp\cclQ1qbj.ltrans17.ltrans.o
                0x1ffff10c                s_spiHandle.10218
 .bss.s_spiMasterIsr.10219
                0x1ffff114        0x4 C:\Users\DANIEL~1\AppData\Local\Temp\cclQ1qbj.ltrans17.ltrans.o
                0x1ffff114                s_spiMasterIsr.10219
 .bss.s_spiSlaveIsr.10228
                0x1ffff118        0x4 C:\Users\DANIEL~1\AppData\Local\Temp\cclQ1qbj.ltrans17.ltrans.o
                0x1ffff118                s_spiSlaveIsr.10228
                0x1ffff200                . = ALIGN (0x200)
 *fill*         0x1ffff11c       0xe4 
                0x1ffff200                USB_RAM_START = .
                0x1ffff200                . = (. + USB_RAM_GAP)
 *(COMMON)
                0x1ffff200                . = ALIGN (0x4)
                0x1ffff200                __bss_end__ = .
                0x1ffff200                __END_BSS = .

.heap           0x1ffff200      0x400 load address 0x00007c88
                0x1ffff200                . = ALIGN (0x8)
                0x1ffff200                __end__ = .
                0x1ffff200                PROVIDE (end, .)
                0x1ffff200                __HeapBase = .
                0x1ffff600                . = (. + HEAP_SIZE)
 *fill*         0x1ffff200      0x400 
                0x1ffff600                __HeapLimit = .
                0x1ffff600                __heap_limit = .

.stack          0x1ffff600      0x400 load address 0x00008088
                0x1ffff600                . = ALIGN (0x8)
                0x1ffffa00                . = (. + STACK_SIZE)
 *fill*         0x1ffff600      0x400 
                [0x1ffff200]                USB_RAM_START = DEFINED (__usb_use_usbram__)?ORIGIN (m_usb_sram):USB_RAM_START

m_usb_bdt       0x1ffff200        0x0
 *(m_usb_bdt)
                0x1ffff200                USB_RAM_BDT_END = .

m_usb_global
 *(m_usb_global)
                0x20003000                __StackTop = (ORIGIN (m_data) + 0x4000)
                0x20002c00                __StackLimit = (__StackTop - STACK_SIZE)
                0x20003000                PROVIDE (__stack, __StackTop)

.ARM.attributes
                0x00000000       0x28
 *(.ARM.attributes)
 .ARM.attributes
                0x00000000       0x1e c:/freescale/kds_v3/toolchain/bin/../lib/gcc/arm-none-eabi/4.8.4/armv6-m/crti.o
 .ARM.attributes
                0x0000001e       0x2c c:/freescale/kds_v3/toolchain/bin/../lib/gcc/arm-none-eabi/4.8.4/armv6-m/crtbegin.o
 .ARM.attributes
                0x0000004a       0x1b c:/freescale/kds_v3/toolchain/bin/../lib/gcc/arm-none-eabi/4.8.4/../../../../arm-none-eabi/lib/armv6-m/crt0.o
 .ARM.attributes
                0x00000065       0x30 C:\Users\DANIEL~1\AppData\Local\Temp\cclQ1qbj.ltrans0.ltrans.o
 .ARM.attributes
                0x00000095       0x30 C:\Users\DANIEL~1\AppData\Local\Temp\cclQ1qbj.ltrans2.ltrans.o
 .ARM.attributes
                0x000000c5       0x30 C:\Users\DANIEL~1\AppData\Local\Temp\cclQ1qbj.ltrans3.ltrans.o
 .ARM.attributes
                0x000000f5       0x30 C:\Users\DANIEL~1\AppData\Local\Temp\cclQ1qbj.ltrans4.ltrans.o
 .ARM.attributes
                0x00000125       0x30 C:\Users\DANIEL~1\AppData\Local\Temp\cclQ1qbj.ltrans5.ltrans.o
 .ARM.attributes
                0x00000155       0x30 C:\Users\DANIEL~1\AppData\Local\Temp\cclQ1qbj.ltrans6.ltrans.o
 .ARM.attributes
                0x00000185       0x30 C:\Users\DANIEL~1\AppData\Local\Temp\cclQ1qbj.ltrans7.ltrans.o
 .ARM.attributes
                0x000001b5       0x30 C:\Users\DANIEL~1\AppData\Local\Temp\cclQ1qbj.ltrans8.ltrans.o
 .ARM.attributes
                0x000001e5       0x30 C:\Users\DANIEL~1\AppData\Local\Temp\cclQ1qbj.ltrans13.ltrans.o
 .ARM.attributes
                0x00000215       0x30 C:\Users\DANIEL~1\AppData\Local\Temp\cclQ1qbj.ltrans14.ltrans.o
 .ARM.attributes
                0x00000245       0x30 C:\Users\DANIEL~1\AppData\Local\Temp\cclQ1qbj.ltrans15.ltrans.o
 .ARM.attributes
                0x00000275       0x30 C:\Users\DANIEL~1\AppData\Local\Temp\cclQ1qbj.ltrans16.ltrans.o
 .ARM.attributes
                0x000002a5       0x30 C:\Users\DANIEL~1\AppData\Local\Temp\cclQ1qbj.ltrans17.ltrans.o
 .ARM.attributes
                0x000002d5       0x1e c:/freescale/kds_v3/toolchain/bin/../lib/gcc/arm-none-eabi/4.8.4/armv6-m\libgcc.a(_udivsi3.o)
 .ARM.attributes
                0x000002f3       0x1e c:/freescale/kds_v3/toolchain/bin/../lib/gcc/arm-none-eabi/4.8.4/armv6-m\libgcc.a(_divsi3.o)
 .ARM.attributes
                0x00000311       0x1e c:/freescale/kds_v3/toolchain/bin/../lib/gcc/arm-none-eabi/4.8.4/armv6-m\libgcc.a(_dvmd_tls.o)
 .ARM.attributes
                0x0000032f       0x2c c:/freescale/kds_v3/toolchain/bin/../lib/gcc/arm-none-eabi/4.8.4/armv6-m\libgcc.a(divdf3.o)
 .ARM.attributes
                0x0000035b       0x2c c:/freescale/kds_v3/toolchain/bin/../lib/gcc/arm-none-eabi/4.8.4/armv6-m\libgcc.a(muldf3.o)
 .ARM.attributes
                0x00000387       0x2c c:/freescale/kds_v3/toolchain/bin/../lib/gcc/arm-none-eabi/4.8.4/armv6-m\libgcc.a(fixdfsi.o)
 .ARM.attributes
                0x000003b3       0x2c c:/freescale/kds_v3/toolchain/bin/../lib/gcc/arm-none-eabi/4.8.4/armv6-m\libgcc.a(floatsidf.o)
 .ARM.attributes
                0x000003df       0x2c c:/freescale/kds_v3/toolchain/bin/../lib/gcc/arm-none-eabi/4.8.4/armv6-m\libgcc.a(floatunsidf.o)
 .ARM.attributes
                0x0000040b       0x1e c:/freescale/kds_v3/toolchain/bin/../lib/gcc/arm-none-eabi/4.8.4/armv6-m\libgcc.a(_clzsi2.o)
 .ARM.attributes
                0x00000429       0x2c c:/freescale/kds_v3/toolchain/bin/../lib/gcc/arm-none-eabi/4.8.4/../../../../arm-none-eabi/lib/armv6-m\libg_s.a(lib_a-memcpy-stub.o)
 .ARM.attributes
                0x00000455       0x2c c:/freescale/kds_v3/toolchain/bin/../lib/gcc/arm-none-eabi/4.8.4/../../../../arm-none-eabi/lib/armv6-m\libg_s.a(lib_a-strlen.o)
 .ARM.attributes
                0x00000481       0x1b ./startup/startup_MKL27Z644.o
 .ARM.attributes
                0x0000049c       0x2c c:/freescale/kds_v3/toolchain/bin/../lib/gcc/arm-none-eabi/4.8.4/../../../../arm-none-eabi/lib/armv6-m\libg_s.a(lib_a-exit.o)
 .ARM.attributes
                0x000004c8       0x2c c:/freescale/kds_v3/toolchain/bin/../lib/gcc/arm-none-eabi/4.8.4/../../../../arm-none-eabi/lib/armv6-m\libg_s.a(lib_a-impure.o)
 .ARM.attributes
                0x000004f4       0x2c c:/freescale/kds_v3/toolchain/bin/../lib/gcc/arm-none-eabi/4.8.4/../../../../arm-none-eabi/lib/armv6-m\libg_s.a(lib_a-init.o)
 .ARM.attributes
                0x00000520       0x2c c:/freescale/kds_v3/toolchain/bin/../lib/gcc/arm-none-eabi/4.8.4/../../../../arm-none-eabi/lib/armv6-m\libg_s.a(lib_a-memset.o)
 .ARM.attributes
                0x0000054c       0x2c c:/freescale/kds_v3/toolchain/bin/../lib/gcc/arm-none-eabi/4.8.4/../../../../arm-none-eabi/lib/armv6-m\libnosys.a(_exit.o)
 .ARM.attributes
                0x00000578       0x2c c:/freescale/kds_v3/toolchain/bin/../lib/gcc/arm-none-eabi/4.8.4/armv6-m/crtend.o
 .ARM.attributes
                0x000005a4       0x1e c:/freescale/kds_v3/toolchain/bin/../lib/gcc/arm-none-eabi/4.8.4/armv6-m/crtn.o
 .ARM.attributes
                0x000005c2       0x2c c:/freescale/kds_v3/toolchain/bin/../lib/gcc/arm-none-eabi/4.8.4/../../../../arm-none-eabi/lib/armv6-m\libm.a(lib_a-s_floor.o)
 .ARM.attributes
                0x000005ee       0x1e c:/freescale/kds_v3/toolchain/bin/../lib/gcc/arm-none-eabi/4.8.4/armv6-m\libgcc.a(_arm_cmpdf2.o)
 .ARM.attributes
                0x0000060c       0x2c c:/freescale/kds_v3/toolchain/bin/../lib/gcc/arm-none-eabi/4.8.4/armv6-m\libgcc.a(adddf3.o)
 .ARM.attributes
                0x00000638       0x2c c:/freescale/kds_v3/toolchain/bin/../lib/gcc/arm-none-eabi/4.8.4/armv6-m\libgcc.a(eqdf2.o)
 .ARM.attributes
                0x00000664       0x2c c:/freescale/kds_v3/toolchain/bin/../lib/gcc/arm-none-eabi/4.8.4/armv6-m\libgcc.a(gedf2.o)
 .ARM.attributes
                0x00000690       0x2c c:/freescale/kds_v3/toolchain/bin/../lib/gcc/arm-none-eabi/4.8.4/armv6-m\libgcc.a(ledf2.o)
                0x00000001                ASSERT ((__StackLimit >= __HeapLimit), region m_data overflowed with stack and heap)
OUTPUT(Proyecto3V2.elf elf32-littlearm)

.debug_info     0x00000000    0x1abfa
 .debug_info    0x00000000     0x131d C:\Users\DANIEL~1\AppData\Local\Temp\cclQ1qbj.ltrans0.ltrans.o
 .debug_info    0x0000131d     0x1cf9 C:\Users\DANIEL~1\AppData\Local\Temp\cclQ1qbj.ltrans2.ltrans.o
 .debug_info    0x00003016      0xecc C:\Users\DANIEL~1\AppData\Local\Temp\cclQ1qbj.ltrans3.ltrans.o
 .debug_info    0x00003ee2     0x1e12 C:\Users\DANIEL~1\AppData\Local\Temp\cclQ1qbj.ltrans4.ltrans.o
 .debug_info    0x00005cf4     0x128e C:\Users\DANIEL~1\AppData\Local\Temp\cclQ1qbj.ltrans5.ltrans.o
 .debug_info    0x00006f82     0x1a42 C:\Users\DANIEL~1\AppData\Local\Temp\cclQ1qbj.ltrans6.ltrans.o
 .debug_info    0x000089c4     0x1108 C:\Users\DANIEL~1\AppData\Local\Temp\cclQ1qbj.ltrans7.ltrans.o
 .debug_info    0x00009acc     0x1bc0 C:\Users\DANIEL~1\AppData\Local\Temp\cclQ1qbj.ltrans8.ltrans.o
 .debug_info    0x0000b68c     0x1a02 C:\Users\DANIEL~1\AppData\Local\Temp\cclQ1qbj.ltrans13.ltrans.o
 .debug_info    0x0000d08e     0x1792 C:\Users\DANIEL~1\AppData\Local\Temp\cclQ1qbj.ltrans14.ltrans.o
 .debug_info    0x0000e820     0x1a5a C:\Users\DANIEL~1\AppData\Local\Temp\cclQ1qbj.ltrans15.ltrans.o
 .debug_info    0x0001027a     0x174c C:\Users\DANIEL~1\AppData\Local\Temp\cclQ1qbj.ltrans16.ltrans.o
 .debug_info    0x000119c6     0x91a8 C:\Users\DANIEL~1\AppData\Local\Temp\cclQ1qbj.ltrans17.ltrans.o
 .debug_info    0x0001ab6e       0x8c ./startup/startup_MKL27Z644.o

.debug_abbrev   0x00000000     0x2a5b
 .debug_abbrev  0x00000000      0x306 C:\Users\DANIEL~1\AppData\Local\Temp\cclQ1qbj.ltrans0.ltrans.o
 .debug_abbrev  0x00000306      0x2e9 C:\Users\DANIEL~1\AppData\Local\Temp\cclQ1qbj.ltrans2.ltrans.o
 .debug_abbrev  0x000005ef      0x27f C:\Users\DANIEL~1\AppData\Local\Temp\cclQ1qbj.ltrans3.ltrans.o
 .debug_abbrev  0x0000086e      0x34b C:\Users\DANIEL~1\AppData\Local\Temp\cclQ1qbj.ltrans4.ltrans.o
 .debug_abbrev  0x00000bb9      0x26a C:\Users\DANIEL~1\AppData\Local\Temp\cclQ1qbj.ltrans5.ltrans.o
 .debug_abbrev  0x00000e23      0x31d C:\Users\DANIEL~1\AppData\Local\Temp\cclQ1qbj.ltrans6.ltrans.o
 .debug_abbrev  0x00001140      0x238 C:\Users\DANIEL~1\AppData\Local\Temp\cclQ1qbj.ltrans7.ltrans.o
 .debug_abbrev  0x00001378      0x361 C:\Users\DANIEL~1\AppData\Local\Temp\cclQ1qbj.ltrans8.ltrans.o
 .debug_abbrev  0x000016d9      0x376 C:\Users\DANIEL~1\AppData\Local\Temp\cclQ1qbj.ltrans13.ltrans.o
 .debug_abbrev  0x00001a4f      0x2c8 C:\Users\DANIEL~1\AppData\Local\Temp\cclQ1qbj.ltrans14.ltrans.o
 .debug_abbrev  0x00001d17      0x3d5 C:\Users\DANIEL~1\AppData\Local\Temp\cclQ1qbj.ltrans15.ltrans.o
 .debug_abbrev  0x000020ec      0x395 C:\Users\DANIEL~1\AppData\Local\Temp\cclQ1qbj.ltrans16.ltrans.o
 .debug_abbrev  0x00002481      0x5c6 C:\Users\DANIEL~1\AppData\Local\Temp\cclQ1qbj.ltrans17.ltrans.o
 .debug_abbrev  0x00002a47       0x14 ./startup/startup_MKL27Z644.o

.debug_aranges  0x00000000     0x1200
 .debug_aranges
                0x00000000      0x138 C:\Users\DANIEL~1\AppData\Local\Temp\cclQ1qbj.ltrans0.ltrans.o
 .debug_aranges
                0x00000138      0x160 C:\Users\DANIEL~1\AppData\Local\Temp\cclQ1qbj.ltrans2.ltrans.o
 .debug_aranges
                0x00000298      0x108 C:\Users\DANIEL~1\AppData\Local\Temp\cclQ1qbj.ltrans3.ltrans.o
 .debug_aranges
                0x000003a0      0x1a8 C:\Users\DANIEL~1\AppData\Local\Temp\cclQ1qbj.ltrans4.ltrans.o
 .debug_aranges
                0x00000548      0x118 C:\Users\DANIEL~1\AppData\Local\Temp\cclQ1qbj.ltrans5.ltrans.o
 .debug_aranges
                0x00000660      0x160 C:\Users\DANIEL~1\AppData\Local\Temp\cclQ1qbj.ltrans6.ltrans.o
 .debug_aranges
                0x000007c0      0x120 C:\Users\DANIEL~1\AppData\Local\Temp\cclQ1qbj.ltrans7.ltrans.o
 .debug_aranges
                0x000008e0      0x188 C:\Users\DANIEL~1\AppData\Local\Temp\cclQ1qbj.ltrans8.ltrans.o
 .debug_aranges
                0x00000a68      0x178 C:\Users\DANIEL~1\AppData\Local\Temp\cclQ1qbj.ltrans13.ltrans.o
 .debug_aranges
                0x00000be0      0x170 C:\Users\DANIEL~1\AppData\Local\Temp\cclQ1qbj.ltrans14.ltrans.o
 .debug_aranges
                0x00000d50      0x1a0 C:\Users\DANIEL~1\AppData\Local\Temp\cclQ1qbj.ltrans15.ltrans.o
 .debug_aranges
                0x00000ef0      0x150 C:\Users\DANIEL~1\AppData\Local\Temp\cclQ1qbj.ltrans16.ltrans.o
 .debug_aranges
                0x00001040      0x1a0 C:\Users\DANIEL~1\AppData\Local\Temp\cclQ1qbj.ltrans17.ltrans.o
 .debug_aranges
                0x000011e0       0x20 ./startup/startup_MKL27Z644.o

.debug_ranges   0x00000000     0x1128
 .debug_ranges  0x00000000      0x128 C:\Users\DANIEL~1\AppData\Local\Temp\cclQ1qbj.ltrans0.ltrans.o
 .debug_ranges  0x00000128      0x150 C:\Users\DANIEL~1\AppData\Local\Temp\cclQ1qbj.ltrans2.ltrans.o
 .debug_ranges  0x00000278       0xf8 C:\Users\DANIEL~1\AppData\Local\Temp\cclQ1qbj.ltrans3.ltrans.o
 .debug_ranges  0x00000370      0x198 C:\Users\DANIEL~1\AppData\Local\Temp\cclQ1qbj.ltrans4.ltrans.o
 .debug_ranges  0x00000508      0x108 C:\Users\DANIEL~1\AppData\Local\Temp\cclQ1qbj.ltrans5.ltrans.o
 .debug_ranges  0x00000610      0x150 C:\Users\DANIEL~1\AppData\Local\Temp\cclQ1qbj.ltrans6.ltrans.o
 .debug_ranges  0x00000760      0x128 C:\Users\DANIEL~1\AppData\Local\Temp\cclQ1qbj.ltrans7.ltrans.o
 .debug_ranges  0x00000888      0x178 C:\Users\DANIEL~1\AppData\Local\Temp\cclQ1qbj.ltrans8.ltrans.o
 .debug_ranges  0x00000a00      0x168 C:\Users\DANIEL~1\AppData\Local\Temp\cclQ1qbj.ltrans13.ltrans.o
 .debug_ranges  0x00000b68      0x160 C:\Users\DANIEL~1\AppData\Local\Temp\cclQ1qbj.ltrans14.ltrans.o
 .debug_ranges  0x00000cc8      0x190 C:\Users\DANIEL~1\AppData\Local\Temp\cclQ1qbj.ltrans15.ltrans.o
 .debug_ranges  0x00000e58      0x140 C:\Users\DANIEL~1\AppData\Local\Temp\cclQ1qbj.ltrans16.ltrans.o
 .debug_ranges  0x00000f98      0x190 C:\Users\DANIEL~1\AppData\Local\Temp\cclQ1qbj.ltrans17.ltrans.o

.debug_line     0x00000000     0x581d
 .debug_line    0x00000000      0x55d C:\Users\DANIEL~1\AppData\Local\Temp\cclQ1qbj.ltrans0.ltrans.o
 .debug_line    0x0000055d      0x67c C:\Users\DANIEL~1\AppData\Local\Temp\cclQ1qbj.ltrans2.ltrans.o
 .debug_line    0x00000bd9      0x43c C:\Users\DANIEL~1\AppData\Local\Temp\cclQ1qbj.ltrans3.ltrans.o
 .debug_line    0x00001015      0x808 C:\Users\DANIEL~1\AppData\Local\Temp\cclQ1qbj.ltrans4.ltrans.o
 .debug_line    0x0000181d      0x564 C:\Users\DANIEL~1\AppData\Local\Temp\cclQ1qbj.ltrans5.ltrans.o
 .debug_line    0x00001d81      0x6aa C:\Users\DANIEL~1\AppData\Local\Temp\cclQ1qbj.ltrans6.ltrans.o
 .debug_line    0x0000242b      0x54f C:\Users\DANIEL~1\AppData\Local\Temp\cclQ1qbj.ltrans7.ltrans.o
 .debug_line    0x0000297a      0x6fe C:\Users\DANIEL~1\AppData\Local\Temp\cclQ1qbj.ltrans8.ltrans.o
 .debug_line    0x00003078      0x668 C:\Users\DANIEL~1\AppData\Local\Temp\cclQ1qbj.ltrans13.ltrans.o
 .debug_line    0x000036e0      0x613 C:\Users\DANIEL~1\AppData\Local\Temp\cclQ1qbj.ltrans14.ltrans.o
 .debug_line    0x00003cf3      0x6ae C:\Users\DANIEL~1\AppData\Local\Temp\cclQ1qbj.ltrans15.ltrans.o
 .debug_line    0x000043a1      0x664 C:\Users\DANIEL~1\AppData\Local\Temp\cclQ1qbj.ltrans16.ltrans.o
 .debug_line    0x00004a05      0xd4f C:\Users\DANIEL~1\AppData\Local\Temp\cclQ1qbj.ltrans17.ltrans.o
 .debug_line    0x00005754       0xc9 ./startup/startup_MKL27Z644.o

.debug_str      0x00000000     0xc4e2
 .debug_str     0x00000000      0xf3f C:\Users\DANIEL~1\AppData\Local\Temp\cclQ1qbj.ltrans0.ltrans.o
                               0x10d1 (size before relaxing)
 .debug_str     0x00000f3f      0xe5c C:\Users\DANIEL~1\AppData\Local\Temp\cclQ1qbj.ltrans2.ltrans.o
                               0x1721 (size before relaxing)
 .debug_str     0x00001d9b      0x651 C:\Users\DANIEL~1\AppData\Local\Temp\cclQ1qbj.ltrans3.ltrans.o
                                0xb70 (size before relaxing)
 .debug_str     0x000023ec      0xe83 C:\Users\DANIEL~1\AppData\Local\Temp\cclQ1qbj.ltrans4.ltrans.o
                               0x1944 (size before relaxing)
 .debug_str     0x0000326f      0x6f2 C:\Users\DANIEL~1\AppData\Local\Temp\cclQ1qbj.ltrans5.ltrans.o
                                0xc9a (size before relaxing)
 .debug_str     0x00003961      0xd96 C:\Users\DANIEL~1\AppData\Local\Temp\cclQ1qbj.ltrans6.ltrans.o
                               0x175f (size before relaxing)
 .debug_str     0x000046f7      0x734 C:\Users\DANIEL~1\AppData\Local\Temp\cclQ1qbj.ltrans7.ltrans.o
                                0xbdd (size before relaxing)
 .debug_str     0x00004e2b      0xa0a C:\Users\DANIEL~1\AppData\Local\Temp\cclQ1qbj.ltrans8.ltrans.o
                               0x1518 (size before relaxing)
 .debug_str     0x00005835     0x1bb0 C:\Users\DANIEL~1\AppData\Local\Temp\cclQ1qbj.ltrans13.ltrans.o
                               0x255a (size before relaxing)
 .debug_str     0x000073e5      0xdf3 C:\Users\DANIEL~1\AppData\Local\Temp\cclQ1qbj.ltrans14.ltrans.o
                               0x16b7 (size before relaxing)
 .debug_str     0x000081d8      0xcef C:\Users\DANIEL~1\AppData\Local\Temp\cclQ1qbj.ltrans15.ltrans.o
                               0x16bc (size before relaxing)
 .debug_str     0x00008ec7      0xdfa C:\Users\DANIEL~1\AppData\Local\Temp\cclQ1qbj.ltrans16.ltrans.o
                               0x1a35 (size before relaxing)
 .debug_str     0x00009cc1     0x2821 C:\Users\DANIEL~1\AppData\Local\Temp\cclQ1qbj.ltrans17.ltrans.o
                               0x803c (size before relaxing)

.comment        0x00000000       0x70
 .comment       0x00000000       0x70 C:\Users\DANIEL~1\AppData\Local\Temp\cclQ1qbj.ltrans0.ltrans.o
                                 0x71 (size before relaxing)
 .comment       0x00000000       0x71 C:\Users\DANIEL~1\AppData\Local\Temp\cclQ1qbj.ltrans2.ltrans.o
 .comment       0x00000000       0x71 C:\Users\DANIEL~1\AppData\Local\Temp\cclQ1qbj.ltrans3.ltrans.o
 .comment       0x00000000       0x71 C:\Users\DANIEL~1\AppData\Local\Temp\cclQ1qbj.ltrans4.ltrans.o
 .comment       0x00000000       0x71 C:\Users\DANIEL~1\AppData\Local\Temp\cclQ1qbj.ltrans5.ltrans.o
 .comment       0x00000000       0x71 C:\Users\DANIEL~1\AppData\Local\Temp\cclQ1qbj.ltrans6.ltrans.o
 .comment       0x00000000       0x71 C:\Users\DANIEL~1\AppData\Local\Temp\cclQ1qbj.ltrans7.ltrans.o
 .comment       0x00000000       0x71 C:\Users\DANIEL~1\AppData\Local\Temp\cclQ1qbj.ltrans8.ltrans.o
 .comment       0x00000000       0x71 C:\Users\DANIEL~1\AppData\Local\Temp\cclQ1qbj.ltrans13.ltrans.o
 .comment       0x00000000       0x71 C:\Users\DANIEL~1\AppData\Local\Temp\cclQ1qbj.ltrans14.ltrans.o
 .comment       0x00000000       0x71 C:\Users\DANIEL~1\AppData\Local\Temp\cclQ1qbj.ltrans15.ltrans.o
 .comment       0x00000000       0x71 C:\Users\DANIEL~1\AppData\Local\Temp\cclQ1qbj.ltrans16.ltrans.o
 .comment       0x00000000       0x71 C:\Users\DANIEL~1\AppData\Local\Temp\cclQ1qbj.ltrans17.ltrans.o

.debug_frame    0x00000000     0x4644
 .debug_frame   0x00000000      0x470 C:\Users\DANIEL~1\AppData\Local\Temp\cclQ1qbj.ltrans0.ltrans.o
 .debug_frame   0x00000470      0x530 C:\Users\DANIEL~1\AppData\Local\Temp\cclQ1qbj.ltrans2.ltrans.o
 .debug_frame   0x000009a0      0x3c8 C:\Users\DANIEL~1\AppData\Local\Temp\cclQ1qbj.ltrans3.ltrans.o
 .debug_frame   0x00000d68      0x654 C:\Users\DANIEL~1\AppData\Local\Temp\cclQ1qbj.ltrans4.ltrans.o
 .debug_frame   0x000013bc      0x40c C:\Users\DANIEL~1\AppData\Local\Temp\cclQ1qbj.ltrans5.ltrans.o
 .debug_frame   0x000017c8      0x530 C:\Users\DANIEL~1\AppData\Local\Temp\cclQ1qbj.ltrans6.ltrans.o
 .debug_frame   0x00001cf8      0x428 C:\Users\DANIEL~1\AppData\Local\Temp\cclQ1qbj.ltrans7.ltrans.o
 .debug_frame   0x00002120      0x5d0 C:\Users\DANIEL~1\AppData\Local\Temp\cclQ1qbj.ltrans8.ltrans.o
 .debug_frame   0x000026f0      0x584 C:\Users\DANIEL~1\AppData\Local\Temp\cclQ1qbj.ltrans13.ltrans.o
 .debug_frame   0x00002c74      0x560 C:\Users\DANIEL~1\AppData\Local\Temp\cclQ1qbj.ltrans14.ltrans.o
 .debug_frame   0x000031d4      0x628 C:\Users\DANIEL~1\AppData\Local\Temp\cclQ1qbj.ltrans15.ltrans.o
 .debug_frame   0x000037fc      0x4dc C:\Users\DANIEL~1\AppData\Local\Temp\cclQ1qbj.ltrans16.ltrans.o
 .debug_frame   0x00003cd8      0x62c C:\Users\DANIEL~1\AppData\Local\Temp\cclQ1qbj.ltrans17.ltrans.o
 .debug_frame   0x00004304       0x20 c:/freescale/kds_v3/toolchain/bin/../lib/gcc/arm-none-eabi/4.8.4/armv6-m\libgcc.a(_udivsi3.o)
 .debug_frame   0x00004324       0x20 c:/freescale/kds_v3/toolchain/bin/../lib/gcc/arm-none-eabi/4.8.4/armv6-m\libgcc.a(_divsi3.o)
 .debug_frame   0x00004344       0x3c c:/freescale/kds_v3/toolchain/bin/../lib/gcc/arm-none-eabi/4.8.4/armv6-m\libgcc.a(divdf3.o)
 .debug_frame   0x00004380       0x3c c:/freescale/kds_v3/toolchain/bin/../lib/gcc/arm-none-eabi/4.8.4/armv6-m\libgcc.a(muldf3.o)
 .debug_frame   0x000043bc       0x2c c:/freescale/kds_v3/toolchain/bin/../lib/gcc/arm-none-eabi/4.8.4/armv6-m\libgcc.a(fixdfsi.o)
 .debug_frame   0x000043e8       0x30 c:/freescale/kds_v3/toolchain/bin/../lib/gcc/arm-none-eabi/4.8.4/armv6-m\libgcc.a(floatsidf.o)
 .debug_frame   0x00004418       0x28 c:/freescale/kds_v3/toolchain/bin/../lib/gcc/arm-none-eabi/4.8.4/armv6-m\libgcc.a(floatunsidf.o)
 .debug_frame   0x00004440       0x28 c:/freescale/kds_v3/toolchain/bin/../lib/gcc/arm-none-eabi/4.8.4/../../../../arm-none-eabi/lib/armv6-m\libg_s.a(lib_a-memcpy-stub.o)
 .debug_frame   0x00004468       0x20 c:/freescale/kds_v3/toolchain/bin/../lib/gcc/arm-none-eabi/4.8.4/../../../../arm-none-eabi/lib/armv6-m\libg_s.a(lib_a-strlen.o)
 .debug_frame   0x00004488       0x28 c:/freescale/kds_v3/toolchain/bin/../lib/gcc/arm-none-eabi/4.8.4/../../../../arm-none-eabi/lib/armv6-m\libg_s.a(lib_a-exit.o)
 .debug_frame   0x000044b0       0x2c c:/freescale/kds_v3/toolchain/bin/../lib/gcc/arm-none-eabi/4.8.4/../../../../arm-none-eabi/lib/armv6-m\libg_s.a(lib_a-init.o)
 .debug_frame   0x000044dc       0x20 c:/freescale/kds_v3/toolchain/bin/../lib/gcc/arm-none-eabi/4.8.4/../../../../arm-none-eabi/lib/armv6-m\libg_s.a(lib_a-memset.o)
 .debug_frame   0x000044fc       0x20 c:/freescale/kds_v3/toolchain/bin/../lib/gcc/arm-none-eabi/4.8.4/../../../../arm-none-eabi/lib/armv6-m\libnosys.a(_exit.o)
 .debug_frame   0x0000451c       0x3c c:/freescale/kds_v3/toolchain/bin/../lib/gcc/arm-none-eabi/4.8.4/../../../../arm-none-eabi/lib/armv6-m\libm.a(lib_a-s_floor.o)
 .debug_frame   0x00004558       0x3c c:/freescale/kds_v3/toolchain/bin/../lib/gcc/arm-none-eabi/4.8.4/armv6-m\libgcc.a(adddf3.o)
 .debug_frame   0x00004594       0x3c c:/freescale/kds_v3/toolchain/bin/../lib/gcc/arm-none-eabi/4.8.4/armv6-m\libgcc.a(eqdf2.o)
 .debug_frame   0x000045d0       0x38 c:/freescale/kds_v3/toolchain/bin/../lib/gcc/arm-none-eabi/4.8.4/armv6-m\libgcc.a(gedf2.o)
 .debug_frame   0x00004608       0x3c c:/freescale/kds_v3/toolchain/bin/../lib/gcc/arm-none-eabi/4.8.4/armv6-m\libgcc.a(ledf2.o)
